Reading OpenROAD database at '/work/openlane/soc_top/runs/drc_lvs_04/27-openroad-globalplacement/soc_top.odb'…
Reading library file at '/root/.volare/volare/volare/sky130/versions/0fe599b2afb6708d281543108caf8310912f54af/sky130A/libs.ref/sky130_fd_sc_hd/lib/sky130_fd_sc_hd__tt_025C_1v80.lib'…
Reading design constraints file at '/nix/store/ss2cw3sxbrwwx9jl0rrppbw4kgcmgi2n-python3-3.11.9-env/lib/python3.11/site-packages/openlane/scripts/base.sdc'…
[INFO] Using clock clk…
[INFO] Setting output delay to: 2.0
[INFO] Setting input delay to: 2.0
[INFO] Setting load to: 0.033442
[INFO] Setting clock uncertainty to: 0.25
[INFO] Setting clock transition to: 0.1499999999999999944488848768742172978818416595458984375
[INFO] Setting timing derate to: 5%
[INFO] Setting RC values…
[WARNING GRT-0097] No global routing found for nets.
%OL_CREATE_REPORT min.rpt

===========================================================================
report_checks -path_delay min (Hold)
============================================================================
======================= nom_tt_025C_1v80 Corner ===================================

Startpoint: clk (clock source 'clk')
Endpoint: i2c_scl (output port clocked by clk)
Path Group: clk
Path Type: min

Fanout         Cap        Slew       Delay        Time   Description
---------------------------------------------------------------------------------------------
                                  0.000000    0.000000   clock clk (rise edge)
                                  0.000000    0.000000   clock source latency
     2    0.009071    0.047280    0.031048    0.031048 ^ clk (in)
                                                         clk (net)
                      0.047281    0.000000    0.031048 ^ _78_/A (sky130_fd_sc_hd__buf_2)
     1    0.034530    0.171346    0.199999    0.231047 ^ _78_/X (sky130_fd_sc_hd__buf_2)
                                                         i2c_scl (net)
                      0.171346    0.000252    0.231299 ^ i2c_scl (out)
                                              0.231299   data arrival time

                                  0.000000    0.000000   clock clk (rise edge)
                                  0.000000    0.000000   clock network delay (propagated)
                                  0.250000    0.250000   clock uncertainty
                                  0.000000    0.250000   clock reconvergence pessimism
                                 -2.000000   -1.750000   output external delay
                                             -1.750000   data required time
---------------------------------------------------------------------------------------------
                                             -1.750000   data required time
                                             -0.231299   data arrival time
---------------------------------------------------------------------------------------------
                                              1.981299   slack (MET)


Startpoint: clk (clock source 'clk')
Endpoint: spi_sclk (output port clocked by clk)
Path Group: clk
Path Type: min

Fanout         Cap        Slew       Delay        Time   Description
---------------------------------------------------------------------------------------------
                                  0.000000    0.000000   clock clk (rise edge)
                                  0.000000    0.000000   clock source latency
     2    0.009071    0.047280    0.031050    0.031050 ^ clk (in)
                                                         clk (net)
                      0.047281    0.000000    0.031050 ^ _79_/A (sky130_fd_sc_hd__buf_2)
     1    0.034779    0.172515    0.200801    0.231851 ^ _79_/X (sky130_fd_sc_hd__buf_2)
                                                         spi_sclk (net)
                      0.172515    0.000288    0.232139 ^ spi_sclk (out)
                                              0.232139   data arrival time

                                  0.000000    0.000000   clock clk (rise edge)
                                  0.000000    0.000000   clock network delay (propagated)
                                  0.250000    0.250000   clock uncertainty
                                  0.000000    0.250000   clock reconvergence pessimism
                                 -2.000000   -1.750000   output external delay
                                             -1.750000   data required time
---------------------------------------------------------------------------------------------
                                             -1.750000   data required time
                                             -0.232139   data arrival time
---------------------------------------------------------------------------------------------
                                              1.982139   slack (MET)



%OL_END_REPORT
%OL_CREATE_REPORT max.rpt

===========================================================================
report_checks -path_delay max (Setup)
============================================================================
======================= nom_tt_025C_1v80 Corner ===================================

Startpoint: clk (clock source 'clk')
Endpoint: spi_sclk (output port clocked by clk)
Path Group: clk
Path Type: max

Fanout         Cap        Slew       Delay        Time   Description
---------------------------------------------------------------------------------------------
                                  5.000000    5.000000   clock clk (fall edge)
                                  0.000000    5.000000   clock source latency
     2    0.008751    0.021776    0.014219    5.014219 v clk (in)
                                                         clk (net)
                      0.021777    0.000000    5.014219 v _79_/A (sky130_fd_sc_hd__buf_2)
     1    0.034779    0.090588    0.171386    5.185605 v _79_/X (sky130_fd_sc_hd__buf_2)
                                                         spi_sclk (net)
                      0.090588    0.000287    5.185892 v spi_sclk (out)
                                              5.185892   data arrival time

                                 10.000000   10.000000   clock clk (rise edge)
                                  0.000000   10.000000   clock network delay (propagated)
                                 -0.250000    9.750000   clock uncertainty
                                  0.000000    9.750000   clock reconvergence pessimism
                                 -2.000000    7.750000   output external delay
                                              7.750000   data required time
---------------------------------------------------------------------------------------------
                                              7.750000   data required time
                                             -5.185892   data arrival time
---------------------------------------------------------------------------------------------
                                              2.564108   slack (MET)


Startpoint: clk (clock source 'clk')
Endpoint: i2c_scl (output port clocked by clk)
Path Group: clk
Path Type: max

Fanout         Cap        Slew       Delay        Time   Description
---------------------------------------------------------------------------------------------
                                  5.000000    5.000000   clock clk (fall edge)
                                  0.000000    5.000000   clock source latency
     2    0.008751    0.021776    0.014217    5.014217 v clk (in)
                                                         clk (net)
                      0.021777    0.000000    5.014217 v _78_/A (sky130_fd_sc_hd__buf_2)
     1    0.034530    0.090036    0.170948    5.185165 v _78_/X (sky130_fd_sc_hd__buf_2)
                                                         i2c_scl (net)
                      0.090036    0.000251    5.185417 v i2c_scl (out)
                                              5.185417   data arrival time

                                 10.000000   10.000000   clock clk (rise edge)
                                  0.000000   10.000000   clock network delay (propagated)
                                 -0.250000    9.750000   clock uncertainty
                                  0.000000    9.750000   clock reconvergence pessimism
                                 -2.000000    7.750000   output external delay
                                              7.750000   data required time
---------------------------------------------------------------------------------------------
                                              7.750000   data required time
                                             -5.185417   data arrival time
---------------------------------------------------------------------------------------------
                                              2.564583   slack (MET)



%OL_END_REPORT
%OL_CREATE_REPORT checks.rpt

===========================================================================
report_checks -unconstrained
===========================================================================
======================= nom_tt_025C_1v80 Corner ===================================

Startpoint: clk (clock source 'clk')
Endpoint: spi_sclk (output port clocked by clk)
Path Group: clk
Path Type: max

Fanout         Cap        Slew       Delay        Time   Description
---------------------------------------------------------------------------------------------
                                  5.000000    5.000000   clock clk (fall edge)
                                  0.000000    5.000000   clock source latency
     2    0.008751    0.021776    0.014219    5.014219 v clk (in)
                                                         clk (net)
                      0.021777    0.000000    5.014219 v _79_/A (sky130_fd_sc_hd__buf_2)
     1    0.034779    0.090588    0.171386    5.185605 v _79_/X (sky130_fd_sc_hd__buf_2)
                                                         spi_sclk (net)
                      0.090588    0.000287    5.185892 v spi_sclk (out)
                                              5.185892   data arrival time

                                 10.000000   10.000000   clock clk (rise edge)
                                  0.000000   10.000000   clock network delay (propagated)
                                 -0.250000    9.750000   clock uncertainty
                                  0.000000    9.750000   clock reconvergence pessimism
                                 -2.000000    7.750000   output external delay
                                              7.750000   data required time
---------------------------------------------------------------------------------------------
                                              7.750000   data required time
                                             -5.185892   data arrival time
---------------------------------------------------------------------------------------------
                                              2.564108   slack (MET)




===========================================================================
report_checks --slack_max -0.01
============================================================================
======================= nom_tt_025C_1v80 Corner ===================================

No paths found.


===========================================================================
 report_check_types -max_slew -max_cap -max_fanout -violators
============================================================================
======================= nom_tt_025C_1v80 Corner ===================================



===========================================================================
report_parasitic_annotation -report_unannotated
============================================================================
Found 90 unannotated drivers.
 gpio_in[0]
 gpio_in[1]
 gpio_in[2]
 gpio_in[3]
 gpio_in[4]
 gpio_in[5]
 gpio_in[6]
 gpio_in[7]
 i2c_sda_in
 rst
 spi_miso
 uart_rx
 _00_/HI
 _01_/HI
 _02_/HI
 _03_/HI
 _04_/HI
 _05_/HI
 _06_/HI
 _07_/HI
 _08_/HI
 _09_/HI
 _10_/HI
 _11_/HI
 _12_/HI
 _13_/HI
 _14_/HI
 _15_/HI
 _16_/HI
 _17_/HI
 _18_/HI
 _19_/HI
 _20_/HI
 _21_/HI
 _22_/HI
 _23_/HI
 _24_/HI
 _25_/HI
 _26_/HI
 _27_/HI
 _28_/HI
 _29_/HI
 _30_/HI
 _31_/HI
 _32_/HI
 _33_/HI
 _34_/HI
 _35_/HI
 _36_/HI
 _37_/HI
 _38_/HI
 _39_/HI
 _40_/HI
 _41_/HI
 _42_/HI
 _43_/HI
 _44_/HI
 _45_/HI
 _46_/HI
 _47_/HI
 _48_/HI
 _49_/HI
 _50_/HI
 _51_/HI
 _52_/HI
 _53_/HI
 _54_/HI
 _55_/HI
 _56_/HI
 _57_/HI
 _58_/HI
 _59_/HI
 _60_/HI
 _61_/HI
 _62_/HI
 _63_/HI
 _64_/HI
 _65_/HI
 _66_/HI
 _67_/HI
 _68_/HI
 _69_/HI
 _70_/HI
 _71_/HI
 _72_/HI
 _73_/HI
 _74_/HI
 _75_/HI
 _76_/HI
 _77_/HI
Found 0 partially unannotated drivers.

===========================================================================
max slew violation count 0
Writing metric design__max_slew_violation__count__corner:nom_tt_025C_1v80: 0
max fanout violation count 0
Writing metric design__max_fanout_violation__count__corner:nom_tt_025C_1v80: 0
max cap violation count 0
Writing metric design__max_cap_violation__count__corner:nom_tt_025C_1v80: 0
============================================================================

===========================================================================
check_setup -verbose -unconstrained_endpoints -multiple_clock -no_clock -no_input_delay -loops -generated_clocks
===========================================================================
Warning: There are 78 unconstrained endpoints.
  gpio_out[0]
  gpio_out[1]
  gpio_out[2]
  gpio_out[3]
  gpio_out[4]
  gpio_out[5]
  gpio_out[6]
  gpio_out[7]
  i2c_sda_out
  mac_done
  mac_result[0]
  mac_result[10]
  mac_result[11]
  mac_result[12]
  mac_result[13]
  mac_result[14]
  mac_result[15]
  mac_result[16]
  mac_result[17]
  mac_result[18]
  mac_result[19]
  mac_result[1]
  mac_result[20]
  mac_result[21]
  mac_result[22]
  mac_result[23]
  mac_result[24]
  mac_result[25]
  mac_result[26]
  mac_result[27]
  mac_result[28]
  mac_result[29]
  mac_result[2]
  mac_result[30]
  mac_result[31]
  mac_result[32]
  mac_result[33]
  mac_result[34]
  mac_result[35]
  mac_result[36]
  mac_result[37]
  mac_result[38]
  mac_result[39]
  mac_result[3]
  mac_result[40]
  mac_result[41]
  mac_result[42]
  mac_result[43]
  mac_result[44]
  mac_result[45]
  mac_result[46]
  mac_result[47]
  mac_result[48]
  mac_result[49]
  mac_result[4]
  mac_result[50]
  mac_result[51]
  mac_result[52]
  mac_result[53]
  mac_result[54]
  mac_result[55]
  mac_result[56]
  mac_result[57]
  mac_result[58]
  mac_result[59]
  mac_result[5]
  mac_result[60]
  mac_result[61]
  mac_result[62]
  mac_result[63]
  mac_result[6]
  mac_result[7]
  mac_result[8]
  mac_result[9]
  spi_cs
  spi_mosi
  timer_irq
  uart_tx
%OL_END_REPORT
%OL_CREATE_REPORT power.rpt

===========================================================================
 report_power
============================================================================
======================= nom_tt_025C_1v80 Corner ===================================

Group                    Internal    Switching      Leakage        Total
                            Power        Power        Power        Power (Watts)
------------------------------------------------------------------------
Sequential           0.000000e+00 0.000000e+00 0.000000e+00 0.000000e+00   0.0%
Combinational        0.000000e+00 0.000000e+00 2.527229e-10 2.527229e-10   0.0%
Clock                5.690779e-06 2.245621e-05 7.141956e-10 2.814771e-05 100.0%
Macro                0.000000e+00 0.000000e+00 0.000000e+00 0.000000e+00   0.0%
Pad                  0.000000e+00 0.000000e+00 0.000000e+00 0.000000e+00   0.0%
------------------------------------------------------------------------
Total                5.690779e-06 2.245621e-05 9.669178e-10 2.814796e-05 100.0%
                            20.2%        79.8%         0.0%
Writing metric power__internal__total: 5.690778834832599e-6
Writing metric power__switching__total: 2.2456213628174737e-5
Writing metric power__leakage__total: 9.66917768074893e-10
Writing metric power__total: 2.8147960620117374e-5

%OL_END_REPORT
%OL_CREATE_REPORT skew.min.rpt

===========================================================================
Clock Skew (Hold)
============================================================================
Writing metric clock__skew__worst_hold__corner:nom_tt_025C_1v80: 0.0
======================= nom_tt_025C_1v80 Corner ===================================

Clock clk
No launch/capture paths found.

%OL_END_REPORT
%OL_CREATE_REPORT skew.max.rpt

===========================================================================
Clock Skew (Setup)
============================================================================
Writing metric clock__skew__worst_setup__corner:nom_tt_025C_1v80: 0.0
======================= nom_tt_025C_1v80 Corner ===================================

Clock clk
No launch/capture paths found.

%OL_END_REPORT
%OL_CREATE_REPORT ws.min.rpt

===========================================================================
Worst Slack (Hold)
============================================================================
Writing metric timing__hold__ws__corner:nom_tt_025C_1v80: 1.9812985146658801
nom_tt_025C_1v80: 1.9812985146658801
%OL_END_REPORT
%OL_CREATE_REPORT ws.max.rpt

===========================================================================
Worst Slack (Setup)
============================================================================
Writing metric timing__setup__ws__corner:nom_tt_025C_1v80: 2.5641076654351704
nom_tt_025C_1v80: 2.5641076654351704
%OL_END_REPORT
%OL_CREATE_REPORT tns.min.rpt

===========================================================================
Total Negative Slack (Hold)
============================================================================
Writing metric timing__hold__tns__corner:nom_tt_025C_1v80: 0.0
nom_tt_025C_1v80: 0.0
%OL_END_REPORT
%OL_CREATE_REPORT tns.max.rpt

===========================================================================
Total Negative Slack (Setup)
============================================================================
Writing metric timing__setup__tns__corner:nom_tt_025C_1v80: 0.0
nom_tt_025C_1v80: 0.0
%OL_END_REPORT
%OL_CREATE_REPORT wns.min.rpt

===========================================================================
Worst Negative Slack (Hold)
============================================================================
Writing metric timing__hold__wns__corner:nom_tt_025C_1v80: 0
nom_tt_025C_1v80: 0
%OL_END_REPORT
%OL_CREATE_REPORT wns.max.rpt

===========================================================================
Worst Negative Slack (Setup)
============================================================================
Writing metric timing__setup__wns__corner:nom_tt_025C_1v80: 0.0
nom_tt_025C_1v80: 0.0
%OL_END_REPORT
%OL_CREATE_REPORT violator_list.rpt

===========================================================================
Violator List
============================================================================
Writing metric timing__hold_vio__count__corner:nom_tt_025C_1v80: 0
Writing metric timing__hold_r2r__ws__corner:nom_tt_025C_1v80: 1e30
Writing metric timing__hold_r2r_vio__count__corner:nom_tt_025C_1v80: 0
Writing metric timing__setup_vio__count__corner:nom_tt_025C_1v80: 0
Writing metric timing__setup_r2r__ws__corner:nom_tt_025C_1v80: 1e30
Writing metric timing__setup_r2r_vio__count__corner:nom_tt_025C_1v80: 0
%OL_END_REPORT
%OL_CREATE_REPORT unpropagated.rpt
%OL_END_REPORT
%OL_CREATE_REPORT clock.rpt
Clock: clk
Sources: clk 
Generated: no
Virtual: yes
Propagated: no
Period: 10.000000

===========================================================================
report_clock_properties
============================================================================
Clock                   Period          Waveform
----------------------------------------------------
clk                  10.000000    0.000000  5.000000

===========================================================================
report_clock_latency
============================================================================
Clock clk


===========================================================================
report_clock_min_period
============================================================================
clk period_min = 0.00 fmax = inf
%OL_END_REPORT
