
===========================================================================
 report_power
============================================================================
======================= nom_tt_025C_1v80 Corner ===================================

Group                    Internal    Switching      Leakage        Total
                            Power        Power        Power        Power (Watts)
------------------------------------------------------------------------
Sequential           0.000000e+00 0.000000e+00 0.000000e+00 0.000000e+00   0.0%
Combinational        0.000000e+00 0.000000e+00 2.527229e-10 2.527229e-10   0.0%
Clock                5.690779e-06 2.245621e-05 7.141956e-10 2.814771e-05 100.0%
Macro                0.000000e+00 0.000000e+00 0.000000e+00 0.000000e+00   0.0%
Pad                  0.000000e+00 0.000000e+00 0.000000e+00 0.000000e+00   0.0%
------------------------------------------------------------------------
Total                5.690779e-06 2.245621e-05 9.669178e-10 2.814796e-05 100.0%
                            20.2%        79.8%         0.0%
Writing metric power__internal__total: 5.690778834832599e-6
Writing metric power__switching__total: 2.2456213628174737e-5
Writing metric power__leakage__total: 9.66917768074893e-10
Writing metric power__total: 2.8147960620117374e-5

