
===========================================================================
report_checks -path_delay min (Hold)
============================================================================
======================= nom_tt_025C_1v80 Corner ===================================

Startpoint: clk (clock source 'clk')
Endpoint: i2c_scl (output port clocked by clk)
Path Group: clk
Path Type: min

Fanout         Cap        Slew       Delay        Time   Description
---------------------------------------------------------------------------------------------
                                  0.000000    0.000000   clock clk (rise edge)
                                  0.000000    0.000000   clock source latency
     1    0.014180    0.069810    0.047728    0.047728 ^ clk (in)
                                                         clk (net)
                      0.069824    0.000000    0.047728 ^ clkbuf_0_clk/A (sky130_fd_sc_hd__clkbuf_16)
     2    0.017993    0.040147    0.132556    0.180284 ^ clkbuf_0_clk/X (sky130_fd_sc_hd__clkbuf_16)
                                                         clknet_0_clk (net)
                      0.040157    0.000338    0.180622 ^ clkbuf_1_0__f_clk/A (sky130_fd_sc_hd__clkbuf_16)
     1    0.003663    0.027523    0.107163    0.287785 ^ clkbuf_1_0__f_clk/X (sky130_fd_sc_hd__clkbuf_16)
                                                         clknet_1_0__leaf_clk (net)
                      0.027523    0.000108    0.287893 ^ _78_/A (sky130_fd_sc_hd__buf_2)
     1    0.002720    0.026511    0.083692    0.371585 ^ _78_/X (sky130_fd_sc_hd__buf_2)
                                                         net1 (net)
                      0.026512    0.000077    0.371662 ^ output1/A (sky130_fd_sc_hd__buf_1)
     1    0.034804    0.406304    0.326061    0.697724 ^ output1/X (sky130_fd_sc_hd__buf_1)
                                                         i2c_scl (net)
                      0.406306    0.000809    0.698532 ^ i2c_scl (out)
                                              0.698532   data arrival time

                                  0.000000    0.000000   clock clk (rise edge)
                                  0.000000    0.000000   clock network delay (propagated)
                                  0.250000    0.250000   clock uncertainty
                                  0.000000    0.250000   clock reconvergence pessimism
                                 -2.000000   -1.750000   output external delay
                                             -1.750000   data required time
---------------------------------------------------------------------------------------------
                                             -1.750000   data required time
                                             -0.698532   data arrival time
---------------------------------------------------------------------------------------------
                                              2.448532   slack (MET)


Startpoint: clk (clock source 'clk')
Endpoint: spi_sclk (output port clocked by clk)
Path Group: clk
Path Type: min

Fanout         Cap        Slew       Delay        Time   Description
---------------------------------------------------------------------------------------------
                                  0.000000    0.000000   clock clk (rise edge)
                                  0.000000    0.000000   clock source latency
     1    0.014180    0.069810    0.047728    0.047728 ^ clk (in)
                                                         clk (net)
                      0.069824    0.000000    0.047728 ^ clkbuf_0_clk/A (sky130_fd_sc_hd__clkbuf_16)
     2    0.017993    0.040147    0.132556    0.180284 ^ clkbuf_0_clk/X (sky130_fd_sc_hd__clkbuf_16)
                                                         clknet_0_clk (net)
                      0.040157    0.000301    0.180585 ^ clkbuf_1_1__f_clk/A (sky130_fd_sc_hd__clkbuf_16)
     1    0.003949    0.027792    0.107503    0.288087 ^ clkbuf_1_1__f_clk/X (sky130_fd_sc_hd__clkbuf_16)
                                                         clknet_1_1__leaf_clk (net)
                      0.027792    0.000134    0.288222 ^ _79_/A (sky130_fd_sc_hd__buf_2)
     1    0.003096    0.028017    0.085399    0.373620 ^ _79_/X (sky130_fd_sc_hd__buf_2)
                                                         net2 (net)
                      0.028017    0.000069    0.373689 ^ output2/A (sky130_fd_sc_hd__buf_1)
     1    0.034800    0.406376    0.326585    0.700274 ^ output2/X (sky130_fd_sc_hd__buf_1)
                                                         spi_sclk (net)
                      0.406378    0.000911    0.701184 ^ spi_sclk (out)
                                              0.701184   data arrival time

                                  0.000000    0.000000   clock clk (rise edge)
                                  0.000000    0.000000   clock network delay (propagated)
                                  0.250000    0.250000   clock uncertainty
                                  0.000000    0.250000   clock reconvergence pessimism
                                 -2.000000   -1.750000   output external delay
                                             -1.750000   data required time
---------------------------------------------------------------------------------------------
                                             -1.750000   data required time
                                             -0.701184   data arrival time
---------------------------------------------------------------------------------------------
                                              2.451185   slack (MET)



