Reading timing models for corner max_ss_100C_1v60…
Reading cell library for the 'max_ss_100C_1v60' corner at '/root/.volare/volare/volare/sky130/versions/0fe599b2afb6708d281543108caf8310912f54af/sky130A/libs.ref/sky130_fd_sc_hd/lib/sky130_fd_sc_hd__ss_100C_1v60.lib'…
Reading top-level netlist at '/work/openlane/soc_top/runs/drc_lvs_04/51-openroad-fillinsertion/soc_top.nl.v'…
Linking design 'soc_top' from netlist…
Warning: /work/openlane/soc_top/runs/drc_lvs_04/51-openroad-fillinsertion/soc_top.nl.v line 419, module sky130_fd_sc_hd__tapvpwrvgnd_1 not found. Creating black box for TAP_TAPCELL_ROW_0_218.
Warning: /work/openlane/soc_top/runs/drc_lvs_04/51-openroad-fillinsertion/soc_top.nl.v line 1704, module sky130_ef_sc_hd__decap_12 not found. Creating black box for FILLER_0_3.
Warning: /work/openlane/soc_top/runs/drc_lvs_04/51-openroad-fillinsertion/soc_top.nl.v line 1706, module sky130_fd_sc_hd__fill_1 not found. Creating black box for FILLER_0_27.
Warning: /work/openlane/soc_top/runs/drc_lvs_04/51-openroad-fillinsertion/soc_top.nl.v line 1737, module sky130_fd_sc_hd__fill_2 not found. Creating black box for FILLER_0_309.
Reading design constraints file at '/nix/store/ss2cw3sxbrwwx9jl0rrppbw4kgcmgi2n-python3-3.11.9-env/lib/python3.11/site-packages/openlane/scripts/base.sdc'…
[INFO] Using clock clk…
[INFO] Setting output delay to: 2.0
[INFO] Setting input delay to: 2.0
[INFO] Setting load to: 0.033442
[INFO] Setting clock uncertainty to: 0.25
[INFO] Setting clock transition to: 0.1499999999999999944488848768742172978818416595458984375
[INFO] Setting timing derate to: 5%
Reading top-level design parasitics for the 'max_ss_100C_1v60' corner at '/work/openlane/soc_top/runs/drc_lvs_04/53-openroad-rcx/max/soc_top.max.spef'…
%OL_CREATE_REPORT min.rpt

===========================================================================
report_checks -path_delay min (Hold)
============================================================================
======================= max_ss_100C_1v60 Corner ===================================

Startpoint: clk (clock source 'clk')
Endpoint: i2c_scl (output port clocked by clk)
Path Group: clk
Path Type: min

Fanout         Cap        Slew       Delay        Time   Description
---------------------------------------------------------------------------------------------
                                  0.000000    0.000000   clock clk (rise edge)
                                  0.000000    0.000000   clock source latency
     1    0.014712    0.113577    0.076390    0.076390 ^ clk (in)
                                                         clk (net)
                      0.113603    0.000000    0.076390 ^ clkbuf_0_clk/A (sky130_fd_sc_hd__clkbuf_16)
     2    0.018121    0.065093    0.238731    0.315120 ^ clkbuf_0_clk/X (sky130_fd_sc_hd__clkbuf_16)
                                                         clknet_0_clk (net)
                      0.065093    0.000722    0.315842 ^ clkbuf_1_0__f_clk/A (sky130_fd_sc_hd__clkbuf_16)
     1    0.003706    0.046016    0.193445    0.509287 ^ clkbuf_1_0__f_clk/X (sky130_fd_sc_hd__clkbuf_16)
                                                         clknet_1_0__leaf_clk (net)
                      0.046016    0.000217    0.509504 ^ _78_/A (sky130_fd_sc_hd__buf_2)
     1    0.002700    0.045402    0.156045    0.665549 ^ _78_/X (sky130_fd_sc_hd__buf_2)
                                                         net1 (net)
                      0.045412    0.000183    0.665732 ^ output1/A (sky130_fd_sc_hd__buf_1)
     1    0.034926    0.654883    0.554866    1.220598 ^ output1/X (sky130_fd_sc_hd__buf_1)
                                                         i2c_scl (net)
                      0.654889    0.001701    1.222299 ^ i2c_scl (out)
                                              1.222299   data arrival time

                                  0.000000    0.000000   clock clk (rise edge)
                                  0.000000    0.000000   clock network delay (propagated)
                                  0.250000    0.250000   clock uncertainty
                                  0.000000    0.250000   clock reconvergence pessimism
                                 -2.000000   -1.750000   output external delay
                                             -1.750000   data required time
---------------------------------------------------------------------------------------------
                                             -1.750000   data required time
                                             -1.222299   data arrival time
---------------------------------------------------------------------------------------------
                                              2.972299   slack (MET)


Startpoint: clk (clock source 'clk')
Endpoint: spi_sclk (output port clocked by clk)
Path Group: clk
Path Type: min

Fanout         Cap        Slew       Delay        Time   Description
---------------------------------------------------------------------------------------------
                                  0.000000    0.000000   clock clk (rise edge)
                                  0.000000    0.000000   clock source latency
     1    0.014712    0.113577    0.076390    0.076390 ^ clk (in)
                                                         clk (net)
                      0.113603    0.000000    0.076390 ^ clkbuf_0_clk/A (sky130_fd_sc_hd__clkbuf_16)
     2    0.018121    0.065093    0.238731    0.315120 ^ clkbuf_0_clk/X (sky130_fd_sc_hd__clkbuf_16)
                                                         clknet_0_clk (net)
                      0.065093    0.000673    0.315794 ^ clkbuf_1_1__f_clk/A (sky130_fd_sc_hd__clkbuf_16)
     1    0.004009    0.046456    0.194007    0.509801 ^ clkbuf_1_1__f_clk/X (sky130_fd_sc_hd__clkbuf_16)
                                                         clknet_1_1__leaf_clk (net)
                      0.046457    0.000289    0.510090 ^ _79_/A (sky130_fd_sc_hd__buf_2)
     1    0.003074    0.047790    0.158901    0.668991 ^ _79_/X (sky130_fd_sc_hd__buf_2)
                                                         net2 (net)
                      0.047790    0.000131    0.669122 ^ output2/A (sky130_fd_sc_hd__buf_1)
     1    0.034904    0.654480    0.555793    1.224915 ^ output2/X (sky130_fd_sc_hd__buf_1)
                                                         spi_sclk (net)
                      0.654487    0.001837    1.226752 ^ spi_sclk (out)
                                              1.226752   data arrival time

                                  0.000000    0.000000   clock clk (rise edge)
                                  0.000000    0.000000   clock network delay (propagated)
                                  0.250000    0.250000   clock uncertainty
                                  0.000000    0.250000   clock reconvergence pessimism
                                 -2.000000   -1.750000   output external delay
                                             -1.750000   data required time
---------------------------------------------------------------------------------------------
                                             -1.750000   data required time
                                             -1.226752   data arrival time
---------------------------------------------------------------------------------------------
                                              2.976752   slack (MET)



%OL_END_REPORT
%OL_CREATE_REPORT max.rpt

===========================================================================
report_checks -path_delay max (Setup)
============================================================================
======================= max_ss_100C_1v60 Corner ===================================

Startpoint: clk (clock source 'clk')
Endpoint: spi_sclk (output port clocked by clk)
Path Group: clk
Path Type: max

Fanout         Cap        Slew       Delay        Time   Description
---------------------------------------------------------------------------------------------
                                  5.000000    5.000000   clock clk (fall edge)
                                  0.000000    5.000000   clock source latency
     1    0.013826    0.062915    0.043473    5.043473 v clk (in)
                                                         clk (net)
                      0.062953    0.000000    5.043473 v clkbuf_0_clk/A (sky130_fd_sc_hd__clkbuf_16)
     2    0.016349    0.054042    0.249385    5.292858 v clkbuf_0_clk/X (sky130_fd_sc_hd__clkbuf_16)
                                                         clknet_0_clk (net)
                      0.054042    0.000605    5.293463 v clkbuf_1_1__f_clk/A (sky130_fd_sc_hd__clkbuf_16)
     1    0.003881    0.041871    0.227812    5.521274 v clkbuf_1_1__f_clk/X (sky130_fd_sc_hd__clkbuf_16)
                                                         clknet_1_1__leaf_clk (net)
                      0.041871    0.000277    5.521552 v _79_/A (sky130_fd_sc_hd__buf_2)
     1    0.002945    0.044114    0.211346    5.732897 v _79_/X (sky130_fd_sc_hd__buf_2)
                                                         net2 (net)
                      0.044114    0.000125    5.733022 v output2/A (sky130_fd_sc_hd__buf_1)
     1    0.034904    0.394625    0.406375    6.139397 v output2/X (sky130_fd_sc_hd__buf_1)
                                                         spi_sclk (net)
                      0.394727    0.001837    6.141234 v spi_sclk (out)
                                              6.141234   data arrival time

                                 10.000000   10.000000   clock clk (rise edge)
                                  0.000000   10.000000   clock network delay (propagated)
                                 -0.250000    9.750000   clock uncertainty
                                  0.000000    9.750000   clock reconvergence pessimism
                                 -2.000000    7.750000   output external delay
                                              7.750000   data required time
---------------------------------------------------------------------------------------------
                                              7.750000   data required time
                                             -6.141234   data arrival time
---------------------------------------------------------------------------------------------
                                              1.608766   slack (MET)


Startpoint: clk (clock source 'clk')
Endpoint: i2c_scl (output port clocked by clk)
Path Group: clk
Path Type: max

Fanout         Cap        Slew       Delay        Time   Description
---------------------------------------------------------------------------------------------
                                  5.000000    5.000000   clock clk (fall edge)
                                  0.000000    5.000000   clock source latency
     1    0.013826    0.062915    0.043473    5.043473 v clk (in)
                                                         clk (net)
                      0.062953    0.000000    5.043473 v clkbuf_0_clk/A (sky130_fd_sc_hd__clkbuf_16)
     2    0.016349    0.054042    0.249385    5.292858 v clkbuf_0_clk/X (sky130_fd_sc_hd__clkbuf_16)
                                                         clknet_0_clk (net)
                      0.054042    0.000650    5.293508 v clkbuf_1_0__f_clk/A (sky130_fd_sc_hd__clkbuf_16)
     1    0.003578    0.041530    0.227321    5.520828 v clkbuf_1_0__f_clk/X (sky130_fd_sc_hd__clkbuf_16)
                                                         clknet_1_0__leaf_clk (net)
                      0.041530    0.000206    5.521034 v _78_/A (sky130_fd_sc_hd__buf_2)
     1    0.002571    0.042658    0.208850    5.729885 v _78_/X (sky130_fd_sc_hd__buf_2)
                                                         net1 (net)
                      0.042658    0.000173    5.730058 v output1/A (sky130_fd_sc_hd__buf_1)
     1    0.034926    0.394851    0.406007    6.136064 v output1/X (sky130_fd_sc_hd__buf_1)
                                                         i2c_scl (net)
                      0.394950    0.001701    6.137765 v i2c_scl (out)
                                              6.137765   data arrival time

                                 10.000000   10.000000   clock clk (rise edge)
                                  0.000000   10.000000   clock network delay (propagated)
                                 -0.250000    9.750000   clock uncertainty
                                  0.000000    9.750000   clock reconvergence pessimism
                                 -2.000000    7.750000   output external delay
                                              7.750000   data required time
---------------------------------------------------------------------------------------------
                                              7.750000   data required time
                                             -6.137765   data arrival time
---------------------------------------------------------------------------------------------
                                              1.612235   slack (MET)



%OL_END_REPORT
%OL_CREATE_REPORT checks.rpt

===========================================================================
report_checks -unconstrained
===========================================================================
======================= max_ss_100C_1v60 Corner ===================================

Startpoint: clk (clock source 'clk')
Endpoint: spi_sclk (output port clocked by clk)
Path Group: clk
Path Type: max

Fanout         Cap        Slew       Delay        Time   Description
---------------------------------------------------------------------------------------------
                                  5.000000    5.000000   clock clk (fall edge)
                                  0.000000    5.000000   clock source latency
     1    0.013826    0.062915    0.043473    5.043473 v clk (in)
                                                         clk (net)
                      0.062953    0.000000    5.043473 v clkbuf_0_clk/A (sky130_fd_sc_hd__clkbuf_16)
     2    0.016349    0.054042    0.249385    5.292858 v clkbuf_0_clk/X (sky130_fd_sc_hd__clkbuf_16)
                                                         clknet_0_clk (net)
                      0.054042    0.000605    5.293463 v clkbuf_1_1__f_clk/A (sky130_fd_sc_hd__clkbuf_16)
     1    0.003881    0.041871    0.227812    5.521274 v clkbuf_1_1__f_clk/X (sky130_fd_sc_hd__clkbuf_16)
                                                         clknet_1_1__leaf_clk (net)
                      0.041871    0.000277    5.521552 v _79_/A (sky130_fd_sc_hd__buf_2)
     1    0.002945    0.044114    0.211346    5.732897 v _79_/X (sky130_fd_sc_hd__buf_2)
                                                         net2 (net)
                      0.044114    0.000125    5.733022 v output2/A (sky130_fd_sc_hd__buf_1)
     1    0.034904    0.394625    0.406375    6.139397 v output2/X (sky130_fd_sc_hd__buf_1)
                                                         spi_sclk (net)
                      0.394727    0.001837    6.141234 v spi_sclk (out)
                                              6.141234   data arrival time

                                 10.000000   10.000000   clock clk (rise edge)
                                  0.000000   10.000000   clock network delay (propagated)
                                 -0.250000    9.750000   clock uncertainty
                                  0.000000    9.750000   clock reconvergence pessimism
                                 -2.000000    7.750000   output external delay
                                              7.750000   data required time
---------------------------------------------------------------------------------------------
                                              7.750000   data required time
                                             -6.141234   data arrival time
---------------------------------------------------------------------------------------------
                                              1.608766   slack (MET)




===========================================================================
report_checks --slack_max -0.01
============================================================================
======================= max_ss_100C_1v60 Corner ===================================

No paths found.


===========================================================================
 report_check_types -max_slew -max_cap -max_fanout -violators
============================================================================
======================= max_ss_100C_1v60 Corner ===================================



===========================================================================
report_parasitic_annotation -report_unannotated
============================================================================
Found 90 unannotated drivers.
 gpio_in[0]
 gpio_in[1]
 gpio_in[2]
 gpio_in[3]
 gpio_in[4]
 gpio_in[5]
 gpio_in[6]
 gpio_in[7]
 i2c_sda_in
 rst
 spi_miso
 uart_rx
 soc_top_10/HI
 soc_top_11/HI
 soc_top_12/HI
 soc_top_13/HI
 soc_top_14/HI
 soc_top_15/HI
 soc_top_16/HI
 soc_top_17/HI
 soc_top_18/HI
 soc_top_19/HI
 soc_top_20/HI
 soc_top_21/HI
 soc_top_22/HI
 soc_top_23/HI
 soc_top_24/HI
 soc_top_25/HI
 soc_top_26/HI
 soc_top_27/HI
 soc_top_28/HI
 soc_top_29/HI
 soc_top_3/HI
 soc_top_30/HI
 soc_top_31/HI
 soc_top_32/HI
 soc_top_33/HI
 soc_top_34/HI
 soc_top_35/HI
 soc_top_36/HI
 soc_top_37/HI
 soc_top_38/HI
 soc_top_39/HI
 soc_top_4/HI
 soc_top_40/HI
 soc_top_41/HI
 soc_top_42/HI
 soc_top_43/HI
 soc_top_44/HI
 soc_top_45/HI
 soc_top_46/HI
 soc_top_47/HI
 soc_top_48/HI
 soc_top_49/HI
 soc_top_5/HI
 soc_top_50/HI
 soc_top_51/HI
 soc_top_52/HI
 soc_top_53/HI
 soc_top_54/HI
 soc_top_55/HI
 soc_top_56/HI
 soc_top_57/HI
 soc_top_58/HI
 soc_top_59/HI
 soc_top_6/HI
 soc_top_60/HI
 soc_top_61/HI
 soc_top_62/HI
 soc_top_63/HI
 soc_top_64/HI
 soc_top_65/HI
 soc_top_66/HI
 soc_top_67/HI
 soc_top_68/HI
 soc_top_69/HI
 soc_top_7/HI
 soc_top_70/HI
 soc_top_71/HI
 soc_top_72/HI
 soc_top_73/HI
 soc_top_74/HI
 soc_top_75/HI
 soc_top_76/HI
 soc_top_77/HI
 soc_top_78/HI
 soc_top_79/HI
 soc_top_8/HI
 soc_top_80/HI
 soc_top_9/HI
Found 0 partially unannotated drivers.

===========================================================================
max slew violation count 0
%OL_METRIC_I design__max_slew_violation__count__corner:max_ss_100C_1v60 0
max fanout violation count 0
%OL_METRIC_I design__max_fanout_violation__count__corner:max_ss_100C_1v60 0
max cap violation count 0
%OL_METRIC_I design__max_cap_violation__count__corner:max_ss_100C_1v60 0
============================================================================

===========================================================================
check_setup -verbose -unconstrained_endpoints -multiple_clock -no_clock -no_input_delay -loops -generated_clocks
===========================================================================
Warning: There are 78 unconstrained endpoints.
  gpio_out[0]
  gpio_out[1]
  gpio_out[2]
  gpio_out[3]
  gpio_out[4]
  gpio_out[5]
  gpio_out[6]
  gpio_out[7]
  i2c_sda_out
  mac_done
  mac_result[0]
  mac_result[10]
  mac_result[11]
  mac_result[12]
  mac_result[13]
  mac_result[14]
  mac_result[15]
  mac_result[16]
  mac_result[17]
  mac_result[18]
  mac_result[19]
  mac_result[1]
  mac_result[20]
  mac_result[21]
  mac_result[22]
  mac_result[23]
  mac_result[24]
  mac_result[25]
  mac_result[26]
  mac_result[27]
  mac_result[28]
  mac_result[29]
  mac_result[2]
  mac_result[30]
  mac_result[31]
  mac_result[32]
  mac_result[33]
  mac_result[34]
  mac_result[35]
  mac_result[36]
  mac_result[37]
  mac_result[38]
  mac_result[39]
  mac_result[3]
  mac_result[40]
  mac_result[41]
  mac_result[42]
  mac_result[43]
  mac_result[44]
  mac_result[45]
  mac_result[46]
  mac_result[47]
  mac_result[48]
  mac_result[49]
  mac_result[4]
  mac_result[50]
  mac_result[51]
  mac_result[52]
  mac_result[53]
  mac_result[54]
  mac_result[55]
  mac_result[56]
  mac_result[57]
  mac_result[58]
  mac_result[59]
  mac_result[5]
  mac_result[60]
  mac_result[61]
  mac_result[62]
  mac_result[63]
  mac_result[6]
  mac_result[7]
  mac_result[8]
  mac_result[9]
  spi_cs
  spi_mosi
  timer_irq
  uart_tx
%OL_END_REPORT
%OL_CREATE_REPORT power.rpt

===========================================================================
 report_power
============================================================================
======================= max_ss_100C_1v60 Corner ===================================

Group                    Internal    Switching      Leakage        Total
                            Power        Power        Power        Power (Watts)
------------------------------------------------------------------------
Sequential           0.000000e+00 0.000000e+00 0.000000e+00 0.000000e+00   0.0%
Combinational        0.000000e+00 0.000000e+00 2.365787e-10 2.365787e-10   0.0%
Clock                4.813929e-05 2.596857e-05 8.221822e-08 7.419008e-05 100.0%
Macro                0.000000e+00 0.000000e+00 0.000000e+00 0.000000e+00   0.0%
Pad                  0.000000e+00 0.000000e+00 0.000000e+00 0.000000e+00   0.0%
------------------------------------------------------------------------
Total                4.813929e-05 2.596857e-05 8.245487e-08 7.419032e-05 100.0%
                            64.9%        35.0%         0.1%
%OL_METRIC_F power__internal__total 4.813929263036698e-5
%OL_METRIC_F power__switching__total 2.5968567570089363e-5
%OL_METRIC_F power__leakage__total 8.245487492786197e-8
%OL_METRIC_F power__total 7.419032044708729e-5

%OL_END_REPORT
%OL_CREATE_REPORT skew.min.rpt

===========================================================================
Clock Skew (Hold)
============================================================================
%OL_METRIC_F clock__skew__worst_hold__corner:max_ss_100C_1v60 0.0
======================= max_ss_100C_1v60 Corner ===================================

Clock clk
No launch/capture paths found.

%OL_END_REPORT
%OL_CREATE_REPORT skew.max.rpt

===========================================================================
Clock Skew (Setup)
============================================================================
%OL_METRIC_F clock__skew__worst_setup__corner:max_ss_100C_1v60 0.0
======================= max_ss_100C_1v60 Corner ===================================

Clock clk
No launch/capture paths found.

%OL_END_REPORT
%OL_CREATE_REPORT ws.min.rpt

===========================================================================
Worst Slack (Hold)
============================================================================
%OL_METRIC_F timing__hold__ws__corner:max_ss_100C_1v60 2.972299379640663
max_ss_100C_1v60: 2.972299379640663
%OL_END_REPORT
%OL_CREATE_REPORT ws.max.rpt

===========================================================================
Worst Slack (Setup)
============================================================================
%OL_METRIC_F timing__setup__ws__corner:max_ss_100C_1v60 1.6087660547968352
max_ss_100C_1v60: 1.6087660547968352
%OL_END_REPORT
%OL_CREATE_REPORT tns.min.rpt

===========================================================================
Total Negative Slack (Hold)
============================================================================
%OL_METRIC_F timing__hold__tns__corner:max_ss_100C_1v60 0.0
max_ss_100C_1v60: 0.0
%OL_END_REPORT
%OL_CREATE_REPORT tns.max.rpt

===========================================================================
Total Negative Slack (Setup)
============================================================================
%OL_METRIC_F timing__setup__tns__corner:max_ss_100C_1v60 0.0
max_ss_100C_1v60: 0.0
%OL_END_REPORT
%OL_CREATE_REPORT wns.min.rpt

===========================================================================
Worst Negative Slack (Hold)
============================================================================
%OL_METRIC_F timing__hold__wns__corner:max_ss_100C_1v60 0
max_ss_100C_1v60: 0
%OL_END_REPORT
%OL_CREATE_REPORT wns.max.rpt

===========================================================================
Worst Negative Slack (Setup)
============================================================================
%OL_METRIC_F timing__setup__wns__corner:max_ss_100C_1v60 0.0
max_ss_100C_1v60: 0.0
%OL_END_REPORT
%OL_CREATE_REPORT violator_list.rpt

===========================================================================
Violator List
============================================================================
%OL_METRIC_I timing__hold_vio__count__corner:max_ss_100C_1v60 0
%OL_METRIC_F timing__hold_r2r__ws__corner:max_ss_100C_1v60 inf
%OL_METRIC_I timing__hold_r2r_vio__count__corner:max_ss_100C_1v60 0
%OL_METRIC_I timing__setup_vio__count__corner:max_ss_100C_1v60 0
%OL_METRIC_F timing__setup_r2r__ws__corner:max_ss_100C_1v60 inf
%OL_METRIC_I timing__setup_r2r_vio__count__corner:max_ss_100C_1v60 0
%OL_END_REPORT
%OL_CREATE_REPORT unpropagated.rpt
%OL_END_REPORT
%OL_CREATE_REPORT clock.rpt
Clock: clk
Sources: clk 
Generated: no
Virtual: yes
Propagated: no
Period: 10.000000

===========================================================================
report_clock_properties
============================================================================
Clock                   Period          Waveform
----------------------------------------------------
clk                  10.000000    0.000000  5.000000

===========================================================================
report_clock_latency
============================================================================
Clock clk


===========================================================================
report_clock_min_period
============================================================================
clk period_min = 0.00 fmax = inf
%OL_END_REPORT
Writing SDF files for all corners…
Removing Clock latencies before writing libs…
Writing timing models for all corners…
Writing timing models for the max_ss_100C_1v60 corner to /work/openlane/soc_top/runs/drc_lvs_04/54-openroad-stapostpnr/max_ss_100C_1v60/soc_top__max_ss_100C_1v60.lib…
