Reading technology LEF file at '/root/.volare/volare/volare/sky130/versions/0fe599b2afb6708d281543108caf8310912f54af/sky130A/libs.ref/sky130_fd_sc_hd/techlef/sky130_fd_sc_hd__nom.tlef'…
[INFO ODB-0227] LEF file: /root/.volare/volare/volare/sky130/versions/0fe599b2afb6708d281543108caf8310912f54af/sky130A/libs.ref/sky130_fd_sc_hd/techlef/sky130_fd_sc_hd__nom.tlef, created 14 layers, 25 vias
Reading cell LEF file at '/root/.volare/volare/volare/sky130/versions/0fe599b2afb6708d281543108caf8310912f54af/sky130A/libs.ref/sky130_fd_sc_hd/lef/sky130_ef_sc_hd.lef'…
[WARNING ODB-0220] WARNING (LEFPARS-2008): NOWIREEXTENSIONATPIN statement is obsolete in version 5.6 or later.
The NOWIREEXTENSIONATPIN statement will be ignored. See file /root/.volare/volare/volare/sky130/versions/0fe599b2afb6708d281543108caf8310912f54af/sky130A/libs.ref/sky130_fd_sc_hd/lef/sky130_ef_sc_hd.lef at line 2.

[INFO ODB-0227] LEF file: /root/.volare/volare/volare/sky130/versions/0fe599b2afb6708d281543108caf8310912f54af/sky130A/libs.ref/sky130_fd_sc_hd/lef/sky130_ef_sc_hd.lef, created 4 library cells
Reading cell LEF file at '/root/.volare/volare/volare/sky130/versions/0fe599b2afb6708d281543108caf8310912f54af/sky130A/libs.ref/sky130_fd_sc_hd/lef/sky130_fd_sc_hd.lef'…
[WARNING ODB-0220] WARNING (LEFPARS-2008): NOWIREEXTENSIONATPIN statement is obsolete in version 5.6 or later.
The NOWIREEXTENSIONATPIN statement will be ignored. See file /root/.volare/volare/volare/sky130/versions/0fe599b2afb6708d281543108caf8310912f54af/sky130A/libs.ref/sky130_fd_sc_hd/lef/sky130_fd_sc_hd.lef at line 2.

[INFO ODB-0227] LEF file: /root/.volare/volare/volare/sky130/versions/0fe599b2afb6708d281543108caf8310912f54af/sky130A/libs.ref/sky130_fd_sc_hd/lef/sky130_fd_sc_hd.lef, created 437 library cells
[INFO ODB-0127] Reading DEF file: /work/openlane/soc_top/runs/drc_lvs_04/52-odb-cellfrequencytables/soc_top.def
[INFO ODB-0128] Design: soc_top
[INFO ODB-0130]     Created 95 pins.
[INFO ODB-0131]     Created 9350 components and 35018 component-terminals.
[INFO ODB-0132]     Created 2 special nets and 34848 connections.
[INFO ODB-0133]     Created 98 nets and 92 connections.
[INFO ODB-0134] Finished DEF file: /work/openlane/soc_top/runs/drc_lvs_04/52-odb-cellfrequencytables/soc_top.def
Using RCX ruleset '/root/.volare/volare/volare/sky130/versions/0fe599b2afb6708d281543108caf8310912f54af/sky130A/libs.tech/openlane/rules.openrcx.sky130A.nom.calibre'…
[INFO RCX-0431] Defined process_corner CURRENT_CORNER with ext_model_index 0
[INFO RCX-0029] Defined extraction corner CURRENT_CORNER
[INFO RCX-0435] Reading extraction model file /root/.volare/volare/volare/sky130/versions/0fe599b2afb6708d281543108caf8310912f54af/sky130A/libs.tech/openlane/rules.openrcx.sky130A.nom.calibre ...
[INFO RCX-0436] RC segment generation soc_top (max_merge_res 50.0) ...
[INFO RCX-0040] Final 89 rc segments
[INFO RCX-0439] Coupling Cap extraction soc_top ...
[INFO RCX-0440] Coupling threshhold is 0.1000 fF, coupling capacitance less than 0.1000 fF will be grounded.
[INFO RCX-0442] 86% of 778 wires extracted
[INFO RCX-0442] 100% of 778 wires extracted
[INFO RCX-0045] Extract 98 nets, 175 rsegs, 175 caps, 88 ccs
Setting global connections for newly added cells…
[INFO] Setting global connections...
Updating metrics…
Cell type report:                       Count       Area
  Fill cell                              7989   89529.62
  Tap cell                               1276    1596.53
  Standard cell                            85     385.37
  Total                                  9350   91511.52
Writing extracted parasitics to '/work/openlane/soc_top/runs/drc_lvs_04/53-openroad-rcx/nom/soc_top.nom.spef'…
[INFO RCX-0443] 98 nets finished
