
===========================================================================
report_checks -path_delay min (Hold)
============================================================================
======================= min_ss_100C_1v60 Corner ===================================

Startpoint: clk (clock source 'clk')
Endpoint: i2c_scl (output port clocked by clk)
Path Group: clk
Path Type: min

Fanout         Cap        Slew       Delay        Time   Description
---------------------------------------------------------------------------------------------
                                  0.000000    0.000000   clock clk (rise edge)
                                  0.000000    0.000000   clock source latency
     1    0.013672    0.106338    0.070813    0.070813 ^ clk (in)
                                                         clk (net)
                      0.106343    0.000000    0.070813 ^ clkbuf_0_clk/A (sky130_fd_sc_hd__clkbuf_16)
     2    0.017837    0.064724    0.235183    0.305997 ^ clkbuf_0_clk/X (sky130_fd_sc_hd__clkbuf_16)
                                                         clknet_0_clk (net)
                      0.064724    0.000117    0.306114 ^ clkbuf_1_0__f_clk/A (sky130_fd_sc_hd__clkbuf_16)
     1    0.003409    0.045580    0.192728    0.498842 ^ clkbuf_1_0__f_clk/X (sky130_fd_sc_hd__clkbuf_16)
                                                         clknet_1_0__leaf_clk (net)
                      0.045580    0.000043    0.498885 ^ _78_/A (sky130_fd_sc_hd__buf_2)
     1    0.002598    0.044753    0.155167    0.654052 ^ _78_/X (sky130_fd_sc_hd__buf_2)
                                                         net1 (net)
                      0.044753    0.000024    0.654076 ^ output1/A (sky130_fd_sc_hd__buf_1)
     1    0.034709    0.650634    0.552674    1.206750 ^ output1/X (sky130_fd_sc_hd__buf_1)
                                                         i2c_scl (net)
                      0.650634    0.000403    1.207153 ^ i2c_scl (out)
                                              1.207153   data arrival time

                                  0.000000    0.000000   clock clk (rise edge)
                                  0.000000    0.000000   clock network delay (propagated)
                                  0.250000    0.250000   clock uncertainty
                                  0.000000    0.250000   clock reconvergence pessimism
                                 -2.000000   -1.750000   output external delay
                                             -1.750000   data required time
---------------------------------------------------------------------------------------------
                                             -1.750000   data required time
                                             -1.207153   data arrival time
---------------------------------------------------------------------------------------------
                                              2.957153   slack (MET)


Startpoint: clk (clock source 'clk')
Endpoint: spi_sclk (output port clocked by clk)
Path Group: clk
Path Type: min

Fanout         Cap        Slew       Delay        Time   Description
---------------------------------------------------------------------------------------------
                                  0.000000    0.000000   clock clk (rise edge)
                                  0.000000    0.000000   clock source latency
     1    0.013672    0.106338    0.070813    0.070813 ^ clk (in)
                                                         clk (net)
                      0.106343    0.000000    0.070813 ^ clkbuf_0_clk/A (sky130_fd_sc_hd__clkbuf_16)
     2    0.017837    0.064724    0.235183    0.305997 ^ clkbuf_0_clk/X (sky130_fd_sc_hd__clkbuf_16)
                                                         clknet_0_clk (net)
                      0.064724    0.000089    0.306085 ^ clkbuf_1_1__f_clk/A (sky130_fd_sc_hd__clkbuf_16)
     1    0.003720    0.046028    0.193317    0.499402 ^ clkbuf_1_1__f_clk/X (sky130_fd_sc_hd__clkbuf_16)
                                                         clknet_1_1__leaf_clk (net)
                      0.046028    0.000060    0.499462 ^ _79_/A (sky130_fd_sc_hd__buf_2)
     1    0.002938    0.046925    0.157775    0.657237 ^ _79_/X (sky130_fd_sc_hd__buf_2)
                                                         net2 (net)
                      0.046925    0.000021    0.657259 ^ output2/A (sky130_fd_sc_hd__buf_1)
     1    0.034704    0.650535    0.553750    1.211009 ^ output2/X (sky130_fd_sc_hd__buf_1)
                                                         spi_sclk (net)
                      0.650535    0.000492    1.211501 ^ spi_sclk (out)
                                              1.211501   data arrival time

                                  0.000000    0.000000   clock clk (rise edge)
                                  0.000000    0.000000   clock network delay (propagated)
                                  0.250000    0.250000   clock uncertainty
                                  0.000000    0.250000   clock reconvergence pessimism
                                 -2.000000   -1.750000   output external delay
                                             -1.750000   data required time
---------------------------------------------------------------------------------------------
                                             -1.750000   data required time
                                             -1.211501   data arrival time
---------------------------------------------------------------------------------------------
                                              2.961500   slack (MET)



