
===========================================================================
report_checks -path_delay min (Hold)
============================================================================
======================= max_ff_n40C_1v95 Corner ===================================

Startpoint: clk (clock source 'clk')
Endpoint: i2c_scl (output port clocked by clk)
Path Group: clk
Path Type: min

Fanout         Cap        Slew       Delay        Time   Description
---------------------------------------------------------------------------------------------
                      0.150000    0.000000    0.000000   clock clk (rise edge)
     2    0.006818    0.027744    0.017189    0.017189 ^ clk (in)
                                                         clk (net)
                      0.027744    0.000000    0.017189 ^ _78_/A (sky130_fd_sc_hd__buf_2)
     1    0.033442    0.127442    0.134655    0.151843 ^ _78_/X (sky130_fd_sc_hd__buf_2)
                                                         i2c_scl (net)
                      0.127442    0.000000    0.151843 ^ i2c_scl (out)
                                              0.151843   data arrival time

                      0.150000    0.000000    0.000000   clock clk (rise edge)
                                  0.000000    0.000000   clock network delay (ideal)
                                  0.250000    0.250000   clock uncertainty
                                  0.000000    0.250000   clock reconvergence pessimism
                                 -2.000000   -1.750000   output external delay
                                             -1.750000   data required time
---------------------------------------------------------------------------------------------
                                             -1.750000   data required time
                                             -0.151843   data arrival time
---------------------------------------------------------------------------------------------
                                              1.901843   slack (MET)


Startpoint: clk (clock source 'clk')
Endpoint: spi_sclk (output port clocked by clk)
Path Group: clk
Path Type: min

Fanout         Cap        Slew       Delay        Time   Description
---------------------------------------------------------------------------------------------
                      0.150000    0.000000    0.000000   clock clk (rise edge)
     2    0.006818    0.027744    0.017189    0.017189 ^ clk (in)
                                                         clk (net)
                      0.027744    0.000000    0.017189 ^ _79_/A (sky130_fd_sc_hd__buf_2)
     1    0.033442    0.127442    0.134655    0.151843 ^ _79_/X (sky130_fd_sc_hd__buf_2)
                                                         spi_sclk (net)
                      0.127442    0.000000    0.151843 ^ spi_sclk (out)
                                              0.151843   data arrival time

                      0.150000    0.000000    0.000000   clock clk (rise edge)
                                  0.000000    0.000000   clock network delay (ideal)
                                  0.250000    0.250000   clock uncertainty
                                  0.000000    0.250000   clock reconvergence pessimism
                                 -2.000000   -1.750000   output external delay
                                             -1.750000   data required time
---------------------------------------------------------------------------------------------
                                             -1.750000   data required time
                                             -0.151843   data arrival time
---------------------------------------------------------------------------------------------
                                              1.901843   slack (MET)



