
===========================================================================
report_checks -unconstrained
===========================================================================
======================= nom_ss_100C_1v60 Corner ===================================

Startpoint: clk (clock source 'clk')
Endpoint: i2c_scl (output port clocked by clk)
Path Group: clk
Path Type: max

Fanout         Cap        Slew       Delay        Time   Description
---------------------------------------------------------------------------------------------
                      0.150000    5.000000    5.000000   clock clk (fall edge)
     2    0.005103    0.027523    0.016400    5.016400 v clk (in)
                                                         clk (net)
                      0.027523    0.000000    5.016400 v _78_/A (sky130_fd_sc_hd__buf_2)
     1    0.033442    0.165627    0.322945    5.339345 v _78_/X (sky130_fd_sc_hd__buf_2)
                                                         i2c_scl (net)
                      0.165627    0.000000    5.339345 v i2c_scl (out)
                                              5.339345   data arrival time

                      0.150000   10.000000   10.000000   clock clk (rise edge)
                                  0.000000   10.000000   clock network delay (ideal)
                                 -0.250000    9.750000   clock uncertainty
                                  0.000000    9.750000   clock reconvergence pessimism
                                 -2.000000    7.750000   output external delay
                                              7.750000   data required time
---------------------------------------------------------------------------------------------
                                              7.750000   data required time
                                             -5.339345   data arrival time
---------------------------------------------------------------------------------------------
                                              2.410655   slack (MET)




===========================================================================
report_checks --slack_max -0.01
============================================================================
======================= nom_ss_100C_1v60 Corner ===================================

No paths found.


===========================================================================
 report_check_types -max_slew -max_cap -max_fanout -violators
============================================================================
======================= nom_ss_100C_1v60 Corner ===================================



===========================================================================
report_parasitic_annotation -report_unannotated
============================================================================
Found 168 unannotated drivers.
 gpio_in[0]
 gpio_in[1]
 gpio_in[2]
 gpio_in[3]
 gpio_in[4]
 gpio_in[5]
 gpio_in[6]
 gpio_in[7]
 i2c_sda_in
 rst
 spi_miso
 uart_rx
 _00_/HI
 _00_/LO
 _01_/HI
 _01_/LO
 _02_/HI
 _02_/LO
 _03_/HI
 _03_/LO
 _04_/HI
 _04_/LO
 _05_/HI
 _05_/LO
 _06_/HI
 _06_/LO
 _07_/HI
 _07_/LO
 _08_/HI
 _08_/LO
 _09_/HI
 _09_/LO
 _10_/HI
 _10_/LO
 _11_/HI
 _11_/LO
 _12_/HI
 _12_/LO
 _13_/HI
 _13_/LO
 _14_/HI
 _14_/LO
 _15_/HI
 _15_/LO
 _16_/HI
 _16_/LO
 _17_/HI
 _17_/LO
 _18_/HI
 _18_/LO
 _19_/HI
 _19_/LO
 _20_/HI
 _20_/LO
 _21_/HI
 _21_/LO
 _22_/HI
 _22_/LO
 _23_/HI
 _23_/LO
 _24_/HI
 _24_/LO
 _25_/HI
 _25_/LO
 _26_/HI
 _26_/LO
 _27_/HI
 _27_/LO
 _28_/HI
 _28_/LO
 _29_/HI
 _29_/LO
 _30_/HI
 _30_/LO
 _31_/HI
 _31_/LO
 _32_/HI
 _32_/LO
 _33_/HI
 _33_/LO
 _34_/HI
 _34_/LO
 _35_/HI
 _35_/LO
 _36_/HI
 _36_/LO
 _37_/HI
 _37_/LO
 _38_/HI
 _38_/LO
 _39_/HI
 _39_/LO
 _40_/HI
 _40_/LO
 _41_/HI
 _41_/LO
 _42_/HI
 _42_/LO
 _43_/HI
 _43_/LO
 _44_/HI
 _44_/LO
 _45_/HI
 _45_/LO
 _46_/HI
 _46_/LO
 _47_/HI
 _47_/LO
 _48_/HI
 _48_/LO
 _49_/HI
 _49_/LO
 _50_/HI
 _50_/LO
 _51_/HI
 _51_/LO
 _52_/HI
 _52_/LO
 _53_/HI
 _53_/LO
 _54_/HI
 _54_/LO
 _55_/HI
 _55_/LO
 _56_/HI
 _56_/LO
 _57_/HI
 _57_/LO
 _58_/HI
 _58_/LO
 _59_/HI
 _59_/LO
 _60_/HI
 _60_/LO
 _61_/HI
 _61_/LO
 _62_/HI
 _62_/LO
 _63_/HI
 _63_/LO
 _64_/HI
 _64_/LO
 _65_/HI
 _65_/LO
 _66_/HI
 _66_/LO
 _67_/HI
 _67_/LO
 _68_/HI
 _68_/LO
 _69_/HI
 _69_/LO
 _70_/HI
 _70_/LO
 _71_/HI
 _71_/LO
 _72_/HI
 _72_/LO
 _73_/HI
 _73_/LO
 _74_/HI
 _74_/LO
 _75_/HI
 _75_/LO
 _76_/HI
 _76_/LO
 _77_/HI
 _77_/LO
Found 3 partially unannotated drivers.
 clk
  _78_/A
  _79_/A
 _78_/X
  i2c_scl
 _79_/X
  spi_sclk

===========================================================================
max slew violation count 0
max fanout violation count 0
max cap violation count 0
============================================================================

===========================================================================
check_setup -verbose -unconstrained_endpoints -multiple_clock -no_clock -no_input_delay -loops -generated_clocks
===========================================================================
Warning: There are 78 unconstrained endpoints.
  gpio_out[0]
  gpio_out[1]
  gpio_out[2]
  gpio_out[3]
  gpio_out[4]
  gpio_out[5]
  gpio_out[6]
  gpio_out[7]
  i2c_sda_out
  mac_done
  mac_result[0]
  mac_result[10]
  mac_result[11]
  mac_result[12]
  mac_result[13]
  mac_result[14]
  mac_result[15]
  mac_result[16]
  mac_result[17]
  mac_result[18]
  mac_result[19]
  mac_result[1]
  mac_result[20]
  mac_result[21]
  mac_result[22]
  mac_result[23]
  mac_result[24]
  mac_result[25]
  mac_result[26]
  mac_result[27]
  mac_result[28]
  mac_result[29]
  mac_result[2]
  mac_result[30]
  mac_result[31]
  mac_result[32]
  mac_result[33]
  mac_result[34]
  mac_result[35]
  mac_result[36]
  mac_result[37]
  mac_result[38]
  mac_result[39]
  mac_result[3]
  mac_result[40]
  mac_result[41]
  mac_result[42]
  mac_result[43]
  mac_result[44]
  mac_result[45]
  mac_result[46]
  mac_result[47]
  mac_result[48]
  mac_result[49]
  mac_result[4]
  mac_result[50]
  mac_result[51]
  mac_result[52]
  mac_result[53]
  mac_result[54]
  mac_result[55]
  mac_result[56]
  mac_result[57]
  mac_result[58]
  mac_result[59]
  mac_result[5]
  mac_result[60]
  mac_result[61]
  mac_result[62]
  mac_result[63]
  mac_result[6]
  mac_result[7]
  mac_result[8]
  mac_result[9]
  spi_cs
  spi_mosi
  timer_irq
  uart_tx
