Reading OpenROAD database at '/work/openlane/soc_top/runs/drc_lvs_04/24-openroad-ioplacement/soc_top.odb'…
Reading library file at '/root/.volare/volare/volare/sky130/versions/0fe599b2afb6708d281543108caf8310912f54af/sky130A/libs.ref/sky130_fd_sc_hd/lib/sky130_fd_sc_hd__tt_025C_1v80.lib'…
Reading design constraints file at '/nix/store/ss2cw3sxbrwwx9jl0rrppbw4kgcmgi2n-python3-3.11.9-env/lib/python3.11/site-packages/openlane/scripts/base.sdc'…
[INFO] Using clock clk…
[INFO] Setting output delay to: 2.0
[INFO] Setting input delay to: 2.0
[INFO] Setting load to: 0.033442
[INFO] Setting clock uncertainty to: 0.25
[INFO] Setting clock transition to: 0.1499999999999999944488848768742172978818416595458984375
[INFO] Setting timing derate to: 5%
[INFO] Setting RC values…
[INFO] Setting signal min routing layer to: met1 and clock min routing layer to met1. 
[INFO] Setting signal max routing layer to: met5 and clock max routing layer to met5. 
+ global_placement -density 0.5 -timing_driven -routability_driven -pad_right 0 -pad_left 0 -init_wirelength_coef 0.25
[INFO GPL-0002] DBU: 1000
[INFO GPL-0003] SiteSize: (  0.460  2.720 ) um
[INFO GPL-0004] CoreBBox: (  5.520 10.880 ) ( 314.180 307.360 ) um
[INFO GPL-0006] NumInstances:              1574
[INFO GPL-0007] NumPlaceInstances:           80
[INFO GPL-0008] NumFixedInstances:         1494
[INFO GPL-0009] NumDummyInstances:            0
[INFO GPL-0010] NumNets:                     93
[INFO GPL-0011] NumPins:                    175
[INFO GPL-0012] DieBBox:  (  0.000  0.000 ) ( 320.000 320.000 ) um
[INFO GPL-0013] CoreBBox: (  5.520 10.880 ) ( 314.180 307.360 ) um
[INFO GPL-0016] CoreArea:             91511.517 um^2
[INFO GPL-0017] NonPlaceInstsArea:     2414.816 um^2
[INFO GPL-0018] PlaceInstsArea:         302.790 um^2
[INFO GPL-0019] Util:                     0.340 %
[INFO GPL-0020] StdInstsArea:           302.790 um^2
[INFO GPL-0021] MacroInstsArea:           0.000 um^2
[InitialPlace]  Iter: 1 CG residual: 0.00000007 HPWL: 13968870
[InitialPlace]  Iter: 2 CG residual: 0.00000007 HPWL: 593586
[InitialPlace]  Iter: 3 CG residual: 0.00000001 HPWL: 592620
[InitialPlace]  Iter: 4 CG residual: 0.00000001 HPWL: 592620
[InitialPlace]  Iter: 5 CG residual: 0.00000001 HPWL: 592620
[INFO GPL-0031] FillerInit:NumGCells:     11867
[INFO GPL-0032] FillerInit:NumGNets:         93
[INFO GPL-0033] FillerInit:NumGPins:        175
[INFO GPL-0023] TargetDensity:            0.500
[INFO GPL-0024] AvrgPlaceInstArea:        3.785 um^2
[INFO GPL-0025] IdealBinArea:             7.570 um^2
[INFO GPL-0026] IdealBinCnt:              12089
[INFO GPL-0027] TotalBinArea:         91511.517 um^2
[INFO GPL-0028] BinCnt:        64     64
[INFO GPL-0029] BinSize: (  4.823  4.633 )
[INFO GPL-0030] NumBins: 4096
[NesterovSolve] Iter:    1 overflow: 0.000 HPWL: 899038
[INFO GPL-0100] Timing-driven: executing resizer for reweighting nets.
[INFO GPL-0101] Timing-driven: worst slack 1e+30
[WARNING GPL-0102] Timing-driven: no slacks found. Timing-driven mode disabled.
[NesterovSolve] Snapshot saved at iter = 0
[INFO GPL-0075] Routability numCall: 1 inflationIterCnt: 1 bloatIterCnt: 0
[INFO GPL-0036] TileBBox: (    0    0 ) ( 6900 6900 ) DBU
[INFO GPL-0038] TileCnt:      46   46
[INFO GPL-0040] NumTiles: 2116
[INFO GPL-0081] TotalRouteOverflow: 0
[INFO GPL-0082] OverflowTileCnt: 0
[INFO GPL-0083] 0.5%RC: 0.5300171592018821
[INFO GPL-0084] 1.0%RC: 0.5197255719791759
[INFO GPL-0085] 2.0%RC: 0.5051269115403642
[INFO GPL-0086] 5.0%RC: 0.4761617830339468
[INFO GPL-0087] FinalRC: 0.52487135
[INFO GPL-0077] FinalRC lower than targetRC(1.01), routability not needed.
[NesterovSolve] Finished with Overflow: 0.000000
[INFO] Setting RC values…
Setting global connections for newly added cells…
[INFO] Setting global connections...
Updating metrics…
Cell type report:                       Count       Area
  Fill cell                               218     818.28
  Tap cell                               1276    1596.53
  Buffer                                    2      10.01
  Multi-Input combinational cell           78     292.78
  Total                                  1574    2717.61
Writing OpenROAD database to '/work/openlane/soc_top/runs/drc_lvs_04/27-openroad-globalplacement/soc_top.odb'…
Writing netlist to '/work/openlane/soc_top/runs/drc_lvs_04/27-openroad-globalplacement/soc_top.nl.v'…
Writing powered netlist to '/work/openlane/soc_top/runs/drc_lvs_04/27-openroad-globalplacement/soc_top.pnl.v'…
Writing layout to '/work/openlane/soc_top/runs/drc_lvs_04/27-openroad-globalplacement/soc_top.def'…
Writing timing constraints to '/work/openlane/soc_top/runs/drc_lvs_04/27-openroad-globalplacement/soc_top.sdc'…
