
===========================================================================
report_checks -path_delay max (Setup)
============================================================================
======================= nom_tt_025C_1v80 Corner ===================================

Startpoint: clk (clock source 'clk')
Endpoint: i2c_scl (output port clocked by clk)
Path Group: clk
Path Type: max

Fanout         Cap        Slew       Delay        Time   Description
---------------------------------------------------------------------------------------------
                      0.150000    5.000000    5.000000   clock clk (fall edge)
     2    0.005103    0.013848    0.008193    5.008193 v clk (in)
                                                         clk (net)
                      0.013848    0.000000    5.008193 v _78_/A (sky130_fd_sc_hd__buf_2)
     1    0.033442    0.087281    0.165914    5.174107 v _78_/X (sky130_fd_sc_hd__buf_2)
                                                         i2c_scl (net)
                      0.087281    0.000000    5.174107 v i2c_scl (out)
                                              5.174107   data arrival time

                      0.150000   10.000000   10.000000   clock clk (rise edge)
                                  0.000000   10.000000   clock network delay (ideal)
                                 -0.250000    9.750000   clock uncertainty
                                  0.000000    9.750000   clock reconvergence pessimism
                                 -2.000000    7.750000   output external delay
                                              7.750000   data required time
---------------------------------------------------------------------------------------------
                                              7.750000   data required time
                                             -5.174107   data arrival time
---------------------------------------------------------------------------------------------
                                              2.575893   slack (MET)


Startpoint: clk (clock source 'clk')
Endpoint: spi_sclk (output port clocked by clk)
Path Group: clk
Path Type: max

Fanout         Cap        Slew       Delay        Time   Description
---------------------------------------------------------------------------------------------
                      0.150000    5.000000    5.000000   clock clk (fall edge)
     2    0.005103    0.013848    0.008193    5.008193 v clk (in)
                                                         clk (net)
                      0.013848    0.000000    5.008193 v _79_/A (sky130_fd_sc_hd__buf_2)
     1    0.033442    0.087281    0.165914    5.174107 v _79_/X (sky130_fd_sc_hd__buf_2)
                                                         spi_sclk (net)
                      0.087281    0.000000    5.174107 v spi_sclk (out)
                                              5.174107   data arrival time

                      0.150000   10.000000   10.000000   clock clk (rise edge)
                                  0.000000   10.000000   clock network delay (ideal)
                                 -0.250000    9.750000   clock uncertainty
                                  0.000000    9.750000   clock reconvergence pessimism
                                 -2.000000    7.750000   output external delay
                                              7.750000   data required time
---------------------------------------------------------------------------------------------
                                              7.750000   data required time
                                             -5.174107   data arrival time
---------------------------------------------------------------------------------------------
                                              2.575893   slack (MET)



