
===========================================================================
report_checks -path_delay min (Hold)
============================================================================
======================= max_tt_025C_1v80 Corner ===================================

Startpoint: clk (clock source 'clk')
Endpoint: i2c_scl (output port clocked by clk)
Path Group: clk
Path Type: min

Fanout         Cap        Slew       Delay        Time   Description
---------------------------------------------------------------------------------------------
                                  0.000000    0.000000   clock clk (rise edge)
                                  0.000000    0.000000   clock source latency
     1    0.014712    0.071973    0.049702    0.049702 ^ clk (in)
                                                         clk (net)
                      0.072013    0.000000    0.049702 ^ clkbuf_0_clk/A (sky130_fd_sc_hd__clkbuf_16)
     2    0.018121    0.040260    0.133343    0.183045 ^ clkbuf_0_clk/X (sky130_fd_sc_hd__clkbuf_16)
                                                         clknet_0_clk (net)
                      0.040272    0.000721    0.183766 ^ clkbuf_1_0__f_clk/A (sky130_fd_sc_hd__clkbuf_16)
     1    0.003760    0.027615    0.107313    0.291080 ^ clkbuf_1_0__f_clk/X (sky130_fd_sc_hd__clkbuf_16)
                                                         clknet_1_0__leaf_clk (net)
                      0.027615    0.000222    0.291302 ^ _78_/A (sky130_fd_sc_hd__buf_2)
     1    0.002766    0.026694    0.083889    0.375191 ^ _78_/X (sky130_fd_sc_hd__buf_2)
                                                         net1 (net)
                      0.026694    0.000188    0.375379 ^ output1/A (sky130_fd_sc_hd__buf_1)
     1    0.034926    0.407872    0.326456    0.701835 ^ output1/X (sky130_fd_sc_hd__buf_1)
                                                         i2c_scl (net)
                      0.407882    0.001701    0.703536 ^ i2c_scl (out)
                                              0.703536   data arrival time

                                  0.000000    0.000000   clock clk (rise edge)
                                  0.000000    0.000000   clock network delay (propagated)
                                  0.250000    0.250000   clock uncertainty
                                  0.000000    0.250000   clock reconvergence pessimism
                                 -2.000000   -1.750000   output external delay
                                             -1.750000   data required time
---------------------------------------------------------------------------------------------
                                             -1.750000   data required time
                                             -0.703536   data arrival time
---------------------------------------------------------------------------------------------
                                              2.453536   slack (MET)


Startpoint: clk (clock source 'clk')
Endpoint: spi_sclk (output port clocked by clk)
Path Group: clk
Path Type: min

Fanout         Cap        Slew       Delay        Time   Description
---------------------------------------------------------------------------------------------
                                  0.000000    0.000000   clock clk (rise edge)
                                  0.000000    0.000000   clock source latency
     1    0.014712    0.071973    0.049702    0.049702 ^ clk (in)
                                                         clk (net)
                      0.072013    0.000000    0.049702 ^ clkbuf_0_clk/A (sky130_fd_sc_hd__clkbuf_16)
     2    0.018121    0.040260    0.133343    0.183045 ^ clkbuf_0_clk/X (sky130_fd_sc_hd__clkbuf_16)
                                                         clknet_0_clk (net)
                      0.040271    0.000673    0.183718 ^ clkbuf_1_1__f_clk/A (sky130_fd_sc_hd__clkbuf_16)
     1    0.004063    0.027900    0.107664    0.291382 ^ clkbuf_1_1__f_clk/X (sky130_fd_sc_hd__clkbuf_16)
                                                         clknet_1_1__leaf_clk (net)
                      0.027901    0.000294    0.291676 ^ _79_/A (sky130_fd_sc_hd__buf_2)
     1    0.003140    0.028191    0.085606    0.377283 ^ _79_/X (sky130_fd_sc_hd__buf_2)
                                                         net2 (net)
                      0.028194    0.000135    0.377417 ^ output2/A (sky130_fd_sc_hd__buf_1)
     1    0.034904    0.407742    0.326796    0.704213 ^ output2/X (sky130_fd_sc_hd__buf_1)
                                                         spi_sclk (net)
                      0.407753    0.001837    0.706050 ^ spi_sclk (out)
                                              0.706050   data arrival time

                                  0.000000    0.000000   clock clk (rise edge)
                                  0.000000    0.000000   clock network delay (propagated)
                                  0.250000    0.250000   clock uncertainty
                                  0.000000    0.250000   clock reconvergence pessimism
                                 -2.000000   -1.750000   output external delay
                                             -1.750000   data required time
---------------------------------------------------------------------------------------------
                                             -1.750000   data required time
                                             -0.706050   data arrival time
---------------------------------------------------------------------------------------------
                                              2.456050   slack (MET)



