
===========================================================================
report_checks -path_delay min (Hold)
============================================================================
======================= min_tt_025C_1v80 Corner ===================================

Startpoint: clk (clock source 'clk')
Endpoint: i2c_scl (output port clocked by clk)
Path Group: clk
Path Type: min

Fanout         Cap        Slew       Delay        Time   Description
---------------------------------------------------------------------------------------------
                                  0.000000    0.000000   clock clk (rise edge)
                                  0.000000    0.000000   clock source latency
     1    0.013672    0.067532    0.046009    0.046009 ^ clk (in)
                                                         clk (net)
                      0.067539    0.000000    0.046009 ^ clkbuf_0_clk/A (sky130_fd_sc_hd__clkbuf_16)
     2    0.017837    0.040021    0.131644    0.177653 ^ clkbuf_0_clk/X (sky130_fd_sc_hd__clkbuf_16)
                                                         clknet_0_clk (net)
                      0.040021    0.000117    0.177770 ^ clkbuf_1_0__f_clk/A (sky130_fd_sc_hd__clkbuf_16)
     1    0.003463    0.027341    0.106879    0.284650 ^ clkbuf_1_0__f_clk/X (sky130_fd_sc_hd__clkbuf_16)
                                                         clknet_1_0__leaf_clk (net)
                      0.027341    0.000044    0.284694 ^ _78_/A (sky130_fd_sc_hd__buf_2)
     1    0.002664    0.026288    0.083403    0.368096 ^ _78_/X (sky130_fd_sc_hd__buf_2)
                                                         net1 (net)
                      0.026288    0.000025    0.368121 ^ output1/A (sky130_fd_sc_hd__buf_1)
     1    0.034709    0.405125    0.325512    0.693633 ^ output1/X (sky130_fd_sc_hd__buf_1)
                                                         i2c_scl (net)
                      0.405125    0.000403    0.694036 ^ i2c_scl (out)
                                              0.694036   data arrival time

                                  0.000000    0.000000   clock clk (rise edge)
                                  0.000000    0.000000   clock network delay (propagated)
                                  0.250000    0.250000   clock uncertainty
                                  0.000000    0.250000   clock reconvergence pessimism
                                 -2.000000   -1.750000   output external delay
                                             -1.750000   data required time
---------------------------------------------------------------------------------------------
                                             -1.750000   data required time
                                             -0.694036   data arrival time
---------------------------------------------------------------------------------------------
                                              2.444036   slack (MET)


Startpoint: clk (clock source 'clk')
Endpoint: spi_sclk (output port clocked by clk)
Path Group: clk
Path Type: min

Fanout         Cap        Slew       Delay        Time   Description
---------------------------------------------------------------------------------------------
                                  0.000000    0.000000   clock clk (rise edge)
                                  0.000000    0.000000   clock source latency
     1    0.013672    0.067532    0.046009    0.046009 ^ clk (in)
                                                         clk (net)
                      0.067539    0.000000    0.046009 ^ clkbuf_0_clk/A (sky130_fd_sc_hd__clkbuf_16)
     2    0.017837    0.040021    0.131644    0.177653 ^ clkbuf_0_clk/X (sky130_fd_sc_hd__clkbuf_16)
                                                         clknet_0_clk (net)
                      0.040021    0.000089    0.177742 ^ clkbuf_1_1__f_clk/A (sky130_fd_sc_hd__clkbuf_16)
     1    0.003774    0.027628    0.107251    0.284993 ^ clkbuf_1_1__f_clk/X (sky130_fd_sc_hd__clkbuf_16)
                                                         clknet_1_1__leaf_clk (net)
                      0.027628    0.000061    0.285054 ^ _79_/A (sky130_fd_sc_hd__buf_2)
     1    0.003004    0.027651    0.084962    0.370016 ^ _79_/X (sky130_fd_sc_hd__buf_2)
                                                         net2 (net)
                      0.027651    0.000022    0.370038 ^ output2/A (sky130_fd_sc_hd__buf_1)
     1    0.034704    0.405170    0.325971    0.696009 ^ output2/X (sky130_fd_sc_hd__buf_1)
                                                         spi_sclk (net)
                      0.405171    0.000492    0.696500 ^ spi_sclk (out)
                                              0.696500   data arrival time

                                  0.000000    0.000000   clock clk (rise edge)
                                  0.000000    0.000000   clock network delay (propagated)
                                  0.250000    0.250000   clock uncertainty
                                  0.000000    0.250000   clock reconvergence pessimism
                                 -2.000000   -1.750000   output external delay
                                             -1.750000   data required time
---------------------------------------------------------------------------------------------
                                             -1.750000   data required time
                                             -0.696500   data arrival time
---------------------------------------------------------------------------------------------
                                              2.446500   slack (MET)



