Starting…
Running 'Verilator.Lint' at 'openlane/soc_top/runs/routing_01/01-verilator-lint'…
Logging subprocess to [repr.filename]'openlane/soc_top/runs/routing_01/01-verilator-lint/verilator-lint.log'[/repr.filename]…
Running 'Checker.LintTimingConstructs' at 'openlane/soc_top/runs/routing_01/02-checker-linttimingconstructs'…
Check for Lint Timing Errors clear.
Running 'Checker.LintErrors' at 'openlane/soc_top/runs/routing_01/03-checker-linterrors'…
Check for Lint errors clear.
Running 'Checker.LintWarnings' at 'openlane/soc_top/runs/routing_01/04-checker-lintwarnings'…
24 Lint warnings found.
Running 'Yosys.JsonHeader' at 'openlane/soc_top/runs/routing_01/05-yosys-jsonheader'…
Logging subprocess to [repr.filename]'openlane/soc_top/runs/routing_01/05-yosys-jsonheader/yosys-jsonheader.log'[/repr.filename]…
Running 'Yosys.Synthesis' at 'openlane/soc_top/runs/routing_01/06-yosys-synthesis'…
Logging subprocess to [repr.filename]'openlane/soc_top/runs/routing_01/06-yosys-synthesis/yosys-synthesis.log'[/repr.filename]…
Parsing synthesis checks…
Running 'Checker.YosysUnmappedCells' at 'openlane/soc_top/runs/routing_01/07-checker-yosysunmappedcells'…
Check for Unmapped Yosys instances clear.
Running 'Checker.YosysSynthChecks' at 'openlane/soc_top/runs/routing_01/08-checker-yosyssynthchecks'…
Check for Yosys check errors clear.
Running 'Checker.NetlistAssignStatements' at 'openlane/soc_top/runs/routing_01/09-checker-netlistassignstatements'…
Running 'OpenROAD.CheckSDCFiles' at 'openlane/soc_top/runs/routing_01/10-openroad-checksdcfiles'…
'PNR_SDC_FILE' is not defined. Using generic fallback SDC for OpenROAD PnR steps.
'SIGNOFF_SDC_FILE' is not defined. Using generic fallback SDC for OpenROAD PnR steps.
Running 'OpenROAD.CheckMacroInstances' at 'openlane/soc_top/runs/routing_01/11-openroad-checkmacroinstances'…
No macros found, skipping instance check…
Running 'OpenROAD.STAPrePNR' at 'openlane/soc_top/runs/routing_01/12-openroad-staprepnr'…
Starting STA for the nom_tt_025C_1v80 timing corner…
Starting STA for the nom_ss_100C_1v60 timing corner…
Starting STA for the nom_ff_n40C_1v95 timing corner…
Skipping corner min_tt_025C_1v80 for STA (identical to nom_tt_025C_1v80 at this stage)…
Logging subprocess to [repr.filename]'openlane/soc_top/runs/routing_01/12-openroad-staprepnr/nom_tt_025C_1v80/sta.log'[/repr.filename]…
Skipping corner min_ss_100C_1v60 for STA (identical to nom_ss_100C_1v60 at this stage)…
Skipping corner min_ff_n40C_1v95 for STA (identical to nom_ff_n40C_1v95 at this stage)…
Skipping corner max_tt_025C_1v80 for STA (identical to nom_tt_025C_1v80 at this stage)…
Skipping corner max_ss_100C_1v60 for STA (identical to nom_ss_100C_1v60 at this stage)…
Logging subprocess to [repr.filename]'openlane/soc_top/runs/routing_01/12-openroad-staprepnr/nom_ff_n40C_1v95/sta.log'[/repr.filename]…
Logging subprocess to [repr.filename]'openlane/soc_top/runs/routing_01/12-openroad-staprepnr/nom_ss_100C_1v60/sta.log'[/repr.filename]…
Skipping corner max_ff_n40C_1v95 for STA (identical to nom_ff_n40C_1v95 at this stage)…
Finished STA for the nom_ss_100C_1v60 timing corner.
Finished STA for the nom_ff_n40C_1v95 timing corner.
Finished STA for the nom_tt_025C_1v80 timing corner.
Running 'OpenROAD.Floorplan' at 'openlane/soc_top/runs/routing_01/13-openroad-floorplan'…
Logging subprocess to [repr.filename]'openlane/soc_top/runs/routing_01/13-openroad-floorplan/openroad-floorplan.log'[/repr.filename]…
Running 'Odb.CheckMacroAntennaProperties' at 'openlane/soc_top/runs/routing_01/14-odb-checkmacroantennaproperties'…
No cells provided, skipping…
Running 'Odb.SetPowerConnections' at 'openlane/soc_top/runs/routing_01/15-odb-setpowerconnections'…
Logging subprocess to [repr.filename]'openlane/soc_top/runs/routing_01/15-odb-setpowerconnections/odb-setpowerconnections.log'[/repr.filename]…
Running 'Odb.ManualMacroPlacement' at 'openlane/soc_top/runs/routing_01/16-odb-manualmacroplacement'…
No instances found, skipping 'Odb.ManualMacroPlacement'…
Running 'OpenROAD.CutRows' at 'openlane/soc_top/runs/routing_01/17-openroad-cutrows'…
Logging subprocess to [repr.filename]'openlane/soc_top/runs/routing_01/17-openroad-cutrows/openroad-cutrows.log'[/repr.filename]…
Running 'OpenROAD.TapEndcapInsertion' at 'openlane/soc_top/runs/routing_01/18-openroad-tapendcapinsertion'…
Logging subprocess to [repr.filename]'openlane/soc_top/runs/routing_01/18-openroad-tapendcapinsertion/openroad-tapendcapinsertion.log'[/repr.filename]…
Running 'Odb.AddPDNObstructions' at 'openlane/soc_top/runs/routing_01/19-odb-addpdnobstructions'…
'PDN_OBSTRUCTIONS' is not defined. Skipping 'Odb.AddPDNObstructions'…
Running 'OpenROAD.GeneratePDN' at 'openlane/soc_top/runs/routing_01/20-openroad-generatepdn'…
'FP_PDN_CFG' not explicitly set, setting it to /nix/store/ss2cw3sxbrwwx9jl0rrppbw4kgcmgi2n-python3-3.11.9-env/lib/python3.11/site-packages/openlane/scripts/openroad/common/pdn_cfg.tcl…
Logging subprocess to [repr.filename]'openlane/soc_top/runs/routing_01/20-openroad-generatepdn/openroad-generatepdn.log'[/repr.filename]…
Running 'Odb.RemovePDNObstructions' at 'openlane/soc_top/runs/routing_01/21-odb-removepdnobstructions'…
'PDN_OBSTRUCTIONS' is not defined. Skipping 'Odb.RemovePDNObstructions'…
Running 'Odb.AddRoutingObstructions' at 'openlane/soc_top/runs/routing_01/22-odb-addroutingobstructions'…
'ROUTING_OBSTRUCTIONS' is not defined. Skipping 'Odb.AddRoutingObstructions'…
Running 'OpenROAD.GlobalPlacementSkipIO' at 'openlane/soc_top/runs/routing_01/23-openroad-globalplacementskipio'…
Logging subprocess to [repr.filename]'openlane/soc_top/runs/routing_01/23-openroad-globalplacementskipio/openroad-globalplacementskipio.log'[/repr.filename]…
Running 'OpenROAD.IOPlacement' at 'openlane/soc_top/runs/routing_01/24-openroad-ioplacement'…
Logging subprocess to [repr.filename]'openlane/soc_top/runs/routing_01/24-openroad-ioplacement/openroad-ioplacement.log'[/repr.filename]…
[PPL-0024] Number of IO pins (93) exceeds maximum number of available positions (60). Increase the die perimeter from 192.68um to 316.20um.
