Reading OpenROAD database at '/work/openlane/soc_top/runs/drc_lvs_04/31-openroad-repairdesignpostgpl/soc_top.odb'…
Reading library file at '/root/.volare/volare/volare/sky130/versions/0fe599b2afb6708d281543108caf8310912f54af/sky130A/libs.ref/sky130_fd_sc_hd/lib/sky130_fd_sc_hd__tt_025C_1v80.lib'…
Reading design constraints file at '/nix/store/ss2cw3sxbrwwx9jl0rrppbw4kgcmgi2n-python3-3.11.9-env/lib/python3.11/site-packages/openlane/scripts/base.sdc'…
[INFO] Using clock clk…
[INFO] Setting output delay to: 2.0
[INFO] Setting input delay to: 2.0
[INFO] Setting load to: 0.033442
[INFO] Setting clock uncertainty to: 0.25
[INFO] Setting clock transition to: 0.1499999999999999944488848768742172978818416595458984375
[INFO] Setting timing derate to: 5%
Placement Analysis
---------------------------------
total displacement          0.0 u
average displacement        0.0 u
max displacement            0.0 u
original HPWL             841.2 u
legalized HPWL            878.8 u
delta HPWL                    4 %

[INFO DPL-0020] Mirrored 56 instances
[INFO DPL-0021] HPWL before             878.8 u
[INFO DPL-0022] HPWL after              841.2 u
[INFO DPL-0023] HPWL delta               -4.3 %
Setting global connections for newly added cells…
[INFO] Setting global connections...
Updating metrics…
Cell type report:                       Count       Area
  Fill cell                               218     818.28
  Tap cell                               1276    1596.53
  Buffer                                    2      10.01
  Clock buffer                              2       7.51
  Multi-Input combinational cell           78     292.78
  Total                                  1576    2725.11
Writing OpenROAD database to '/work/openlane/soc_top/runs/drc_lvs_04/33-openroad-detailedplacement/soc_top.odb'…
Writing netlist to '/work/openlane/soc_top/runs/drc_lvs_04/33-openroad-detailedplacement/soc_top.nl.v'…
Writing powered netlist to '/work/openlane/soc_top/runs/drc_lvs_04/33-openroad-detailedplacement/soc_top.pnl.v'…
Writing layout to '/work/openlane/soc_top/runs/drc_lvs_04/33-openroad-detailedplacement/soc_top.def'…
Writing timing constraints to '/work/openlane/soc_top/runs/drc_lvs_04/33-openroad-detailedplacement/soc_top.sdc'…
