Reading timing models for corner nom_tt_025C_1v80…
Reading timing library for the 'nom_tt_025C_1v80' corner at '/root/.volare/volare/volare/sky130/versions/0fe599b2afb6708d281543108caf8310912f54af/sky130A/libs.ref/sky130_fd_sc_hd/lib/sky130_fd_sc_hd__tt_025C_1v80.lib'…
Reading timing models for corner nom_ff_n40C_1v95…
Reading timing library for the 'nom_ff_n40C_1v95' corner at '/root/.volare/volare/volare/sky130/versions/0fe599b2afb6708d281543108caf8310912f54af/sky130A/libs.ref/sky130_fd_sc_hd/lib/sky130_fd_sc_hd__ff_n40C_1v95.lib'…
Reading timing models for corner nom_ss_100C_1v60…
Reading timing library for the 'nom_ss_100C_1v60' corner at '/root/.volare/volare/volare/sky130/versions/0fe599b2afb6708d281543108caf8310912f54af/sky130A/libs.ref/sky130_fd_sc_hd/lib/sky130_fd_sc_hd__ss_100C_1v60.lib'…
Reading OpenROAD database at '/work/openlane/soc_top/runs/drc_lvs_04/34-openroad-cts/soc_top.odb'…
Reading design constraints file at '/nix/store/ss2cw3sxbrwwx9jl0rrppbw4kgcmgi2n-python3-3.11.9-env/lib/python3.11/site-packages/openlane/scripts/base.sdc'…
[INFO] Using clock clk…
[INFO] Setting output delay to: 2.0
[INFO] Setting input delay to: 2.0
[INFO] Setting load to: 0.033442
[INFO] Setting clock uncertainty to: 0.25
[INFO] Setting clock transition to: 0.1499999999999999944488848768742172978818416595458984375
[INFO] Setting timing derate to: 5%
[INFO] Setting RC values…
[INFO RSZ-0098] No setup violations found
[INFO RSZ-0033] No hold violations found.
Placement Analysis
---------------------------------
total displacement          0.0 u
average displacement        0.0 u
max displacement            0.0 u
original HPWL             899.6 u
legalized HPWL            943.2 u
delta HPWL                    5 %

[INFO DPL-0020] Mirrored 55 instances
[INFO DPL-0021] HPWL before             943.2 u
[INFO DPL-0022] HPWL after              899.6 u
[INFO DPL-0023] HPWL delta               -4.6 %
[INFO] Setting RC values…
Setting global connections for newly added cells…
[INFO] Setting global connections...
Updating metrics…
Cell type report:                       Count       Area
  Fill cell                               218     818.28
  Tap cell                               1276    1596.53
  Buffer                                    2      10.01
  Clock buffer                              5      82.58
  Multi-Input combinational cell           78     292.78
  Total                                  1579    2800.19
Writing OpenROAD database to '/work/openlane/soc_top/runs/drc_lvs_04/36-openroad-resizertimingpostcts/soc_top.odb'…
Writing netlist to '/work/openlane/soc_top/runs/drc_lvs_04/36-openroad-resizertimingpostcts/soc_top.nl.v'…
Writing powered netlist to '/work/openlane/soc_top/runs/drc_lvs_04/36-openroad-resizertimingpostcts/soc_top.pnl.v'…
Writing layout to '/work/openlane/soc_top/runs/drc_lvs_04/36-openroad-resizertimingpostcts/soc_top.def'…
Writing timing constraints to '/work/openlane/soc_top/runs/drc_lvs_04/36-openroad-resizertimingpostcts/soc_top.sdc'…
