Reading OpenROAD database at '/work/openlane/soc_top/runs/drc_lvs_04/23-openroad-globalplacementskipio/soc_top.odb'…
Reading library file at '/root/.volare/volare/volare/sky130/versions/0fe599b2afb6708d281543108caf8310912f54af/sky130A/libs.ref/sky130_fd_sc_hd/lib/sky130_fd_sc_hd__tt_025C_1v80.lib'…
Reading design constraints file at '/nix/store/ss2cw3sxbrwwx9jl0rrppbw4kgcmgi2n-python3-3.11.9-env/lib/python3.11/site-packages/openlane/scripts/base.sdc'…
[INFO] Using clock clk…
[INFO] Setting output delay to: 2.0
[INFO] Setting input delay to: 2.0
[INFO] Setting load to: 0.033442
[INFO] Setting clock uncertainty to: 0.25
[INFO] Setting clock transition to: 0.1499999999999999944488848768742172978818416595458984375
[INFO] Setting timing derate to: 5%
[INFO] place_pins args: -min_distance 3
Found 0 macro blocks.
[INFO PPL-0010] Tentative 0 to set up sections.
[INFO PPL-0001] Number of slots           388
[INFO PPL-0002] Number of I/O             93
[INFO PPL-0003] Number of I/O w/sink      81
[INFO PPL-0004] Number of I/O w/o sink    12
[INFO PPL-0005] Slots per section         200
[INFO PPL-0006] Slots increase factor     0.01
[INFO PPL-0008] Successfully assigned pins to sections.
[INFO PPL-0012] I/O nets HPWL: 13716.99 um.
Setting global connections for newly added cells…
[INFO] Setting global connections...
Updating metrics…
Cell type report:                       Count       Area
  Fill cell                               218     818.28
  Tap cell                               1276    1596.53
  Buffer                                    2      10.01
  Multi-Input combinational cell           78     292.78
  Total                                  1574    2717.61
Writing OpenROAD database to '/work/openlane/soc_top/runs/drc_lvs_04/24-openroad-ioplacement/soc_top.odb'…
Writing netlist to '/work/openlane/soc_top/runs/drc_lvs_04/24-openroad-ioplacement/soc_top.nl.v'…
Writing powered netlist to '/work/openlane/soc_top/runs/drc_lvs_04/24-openroad-ioplacement/soc_top.pnl.v'…
Writing layout to '/work/openlane/soc_top/runs/drc_lvs_04/24-openroad-ioplacement/soc_top.def'…
Writing timing constraints to '/work/openlane/soc_top/runs/drc_lvs_04/24-openroad-ioplacement/soc_top.sdc'…
