Reading OpenROAD database at '/work/openlane/soc_top/runs/routing_01/20-openroad-generatepdn/soc_top.odb'…
Reading library file at '/root/.volare/volare/volare/sky130/versions/0fe599b2afb6708d281543108caf8310912f54af/sky130A/libs.ref/sky130_fd_sc_hd/lib/sky130_fd_sc_hd__tt_025C_1v80.lib'…
Reading design constraints file at '/nix/store/ss2cw3sxbrwwx9jl0rrppbw4kgcmgi2n-python3-3.11.9-env/lib/python3.11/site-packages/openlane/scripts/base.sdc'…
[INFO] Using clock clk…
[INFO] Setting output delay to: 2.0
[INFO] Setting input delay to: 2.0
[INFO] Setting load to: 0.033442
[INFO] Setting clock uncertainty to: 0.25
[INFO] Setting clock transition to: 0.1499999999999999944488848768742172978818416595458984375
[INFO] Setting timing derate to: 5%
+ global_placement -density 0.5 -skip_io -pad_right 0 -pad_left 0 -init_wirelength_coef 0.25
[INFO GPL-0002] DBU: 1000
[INFO GPL-0003] SiteSize: (  0.460  2.720 ) um
[INFO GPL-0004] CoreBBox: (  5.520 10.880 ) ( 37.260 40.800 ) um
[INFO GPL-0006] NumInstances:               115
[INFO GPL-0007] NumPlaceInstances:           80
[INFO GPL-0008] NumFixedInstances:           35
[INFO GPL-0009] NumDummyInstances:            0
[INFO GPL-0010] NumNets:                     93
[INFO GPL-0011] NumPins:                     82
[INFO GPL-0012] DieBBox:  (  0.000  0.000 ) ( 42.810 53.530 ) um
[INFO GPL-0013] CoreBBox: (  5.520 10.880 ) ( 37.260 40.800 ) um
[INFO GPL-0016] CoreArea:               949.661 um^2
[INFO GPL-0017] NonPlaceInstsArea:       98.845 um^2
[INFO GPL-0018] PlaceInstsArea:         302.790 um^2
[INFO GPL-0019] Util:                    35.588 %
[INFO GPL-0020] StdInstsArea:           302.790 um^2
[INFO GPL-0021] MacroInstsArea:           0.000 um^2
[INFO GPL-0031] FillerInit:NumGCells:       112
[INFO GPL-0032] FillerInit:NumGNets:         93
[INFO GPL-0033] FillerInit:NumGPins:         82
[INFO GPL-0023] TargetDensity:            0.500
[INFO GPL-0024] AvrgPlaceInstArea:        3.785 um^2
[INFO GPL-0025] IdealBinArea:             7.570 um^2
[INFO GPL-0026] IdealBinCnt:                125
[INFO GPL-0027] TotalBinArea:           949.661 um^2
[INFO GPL-0028] BinCnt:         8      8
[INFO GPL-0029] BinSize: (  3.968  3.740 )
[INFO GPL-0030] NumBins: 64
[NesterovSolve] Iter:    1 overflow: 0.905 HPWL: 1
[NesterovSolve] Iter:   10 overflow: 0.905 HPWL: 1
[NesterovSolve] Iter:   20 overflow: 0.905 HPWL: 1
[NesterovSolve] Iter:   30 overflow: 0.905 HPWL: 1
[NesterovSolve] Finished with Overflow: 0.066828
[INFO] Setting RC values…
Setting global connections for newly added cells…
[INFO] Setting global connections...
Updating metrics…
Cell type report:                       Count       Area
  Fill cell                                22      82.58
  Tap cell                                 13      16.27
  Buffer                                    2      10.01
  Multi-Input combinational cell           78     292.78
  Total                                   115     401.64
Writing OpenROAD database to '/work/openlane/soc_top/runs/routing_01/23-openroad-globalplacementskipio/soc_top.odb'…
Writing netlist to '/work/openlane/soc_top/runs/routing_01/23-openroad-globalplacementskipio/soc_top.nl.v'…
Writing powered netlist to '/work/openlane/soc_top/runs/routing_01/23-openroad-globalplacementskipio/soc_top.pnl.v'…
Writing layout to '/work/openlane/soc_top/runs/routing_01/23-openroad-globalplacementskipio/soc_top.def'…
Writing timing constraints to '/work/openlane/soc_top/runs/routing_01/23-openroad-globalplacementskipio/soc_top.sdc'…
