
===========================================================================
report_checks -path_delay min (Hold)
============================================================================
======================= nom_ss_100C_1v60 Corner ===================================

Startpoint: clk (clock source 'clk')
Endpoint: i2c_scl (output port clocked by clk)
Path Group: clk
Path Type: min

Fanout         Cap        Slew       Delay        Time   Description
---------------------------------------------------------------------------------------------
                                  0.000000    0.000000   clock clk (rise edge)
                                  0.000000    0.000000   clock source latency
     1    0.014180    0.109857    0.073465    0.073465 ^ clk (in)
                                                         clk (net)
                      0.109866    0.000000    0.073465 ^ clkbuf_0_clk/A (sky130_fd_sc_hd__clkbuf_16)
     2    0.017993    0.064924    0.236956    0.310421 ^ clkbuf_0_clk/X (sky130_fd_sc_hd__clkbuf_16)
                                                         clknet_0_clk (net)
                      0.064924    0.000338    0.310758 ^ clkbuf_1_0__f_clk/A (sky130_fd_sc_hd__clkbuf_16)
     1    0.003609    0.045871    0.193192    0.503951 ^ clkbuf_1_0__f_clk/X (sky130_fd_sc_hd__clkbuf_16)
                                                         clknet_1_0__leaf_clk (net)
                      0.045871    0.000106    0.504056 ^ _78_/A (sky130_fd_sc_hd__buf_2)
     1    0.002654    0.045109    0.155683    0.659739 ^ _78_/X (sky130_fd_sc_hd__buf_2)
                                                         net1 (net)
                      0.045109    0.000075    0.659814 ^ output1/A (sky130_fd_sc_hd__buf_1)
     1    0.034804    0.652460    0.553792    1.213606 ^ output1/X (sky130_fd_sc_hd__buf_1)
                                                         i2c_scl (net)
                      0.652461    0.000809    1.214415 ^ i2c_scl (out)
                                              1.214415   data arrival time

                                  0.000000    0.000000   clock clk (rise edge)
                                  0.000000    0.000000   clock network delay (propagated)
                                  0.250000    0.250000   clock uncertainty
                                  0.000000    0.250000   clock reconvergence pessimism
                                 -2.000000   -1.750000   output external delay
                                             -1.750000   data required time
---------------------------------------------------------------------------------------------
                                             -1.750000   data required time
                                             -1.214415   data arrival time
---------------------------------------------------------------------------------------------
                                              2.964415   slack (MET)


Startpoint: clk (clock source 'clk')
Endpoint: spi_sclk (output port clocked by clk)
Path Group: clk
Path Type: min

Fanout         Cap        Slew       Delay        Time   Description
---------------------------------------------------------------------------------------------
                                  0.000000    0.000000   clock clk (rise edge)
                                  0.000000    0.000000   clock source latency
     1    0.014180    0.109857    0.073465    0.073465 ^ clk (in)
                                                         clk (net)
                      0.109866    0.000000    0.073465 ^ clkbuf_0_clk/A (sky130_fd_sc_hd__clkbuf_16)
     2    0.017993    0.064924    0.236956    0.310421 ^ clkbuf_0_clk/X (sky130_fd_sc_hd__clkbuf_16)
                                                         clknet_0_clk (net)
                      0.064924    0.000301    0.310721 ^ clkbuf_1_1__f_clk/A (sky130_fd_sc_hd__clkbuf_16)
     1    0.003895    0.046281    0.193731    0.504452 ^ clkbuf_1_1__f_clk/X (sky130_fd_sc_hd__clkbuf_16)
                                                         clknet_1_1__leaf_clk (net)
                      0.046281    0.000132    0.504584 ^ _79_/A (sky130_fd_sc_hd__buf_2)
     1    0.003030    0.047511    0.158527    0.663111 ^ _79_/X (sky130_fd_sc_hd__buf_2)
                                                         net2 (net)
                      0.047511    0.000067    0.663178 ^ output2/A (sky130_fd_sc_hd__buf_1)
     1    0.034800    0.652384    0.555007    1.218185 ^ output2/X (sky130_fd_sc_hd__buf_1)
                                                         spi_sclk (net)
                      0.652386    0.000911    1.219096 ^ spi_sclk (out)
                                              1.219096   data arrival time

                                  0.000000    0.000000   clock clk (rise edge)
                                  0.000000    0.000000   clock network delay (propagated)
                                  0.250000    0.250000   clock uncertainty
                                  0.000000    0.250000   clock reconvergence pessimism
                                 -2.000000   -1.750000   output external delay
                                             -1.750000   data required time
---------------------------------------------------------------------------------------------
                                             -1.750000   data required time
                                             -1.219096   data arrival time
---------------------------------------------------------------------------------------------
                                              2.969096   slack (MET)



