                                                                       Cells by Function                                                                        
┏━━━━━━━━━━━━━━━━━━━━━━━━━━━━━━━━━━━━━━━━━━━━━━━━━━━━━━━━━━━━━━━━━━━━━━━━━━━━━━━━━━━━━━━━━━━━━━━━━━━━━━━━━━━━━━━━━━━━━━━━━━━━━━━━┳━━━━━━━━━━━━━━━━━━━━━━━━━━━━━┓
┃ Cell Function                                                                                                                  ┃ Count                       ┃
┡━━━━━━━━━━━━━━━━━━━━━━━━━━━━━━━━━━━━━━━━━━━━━━━━━━━━━━━━━━━━━━━━━━━━━━━━━━━━━━━━━━━━━━━━━━━━━━━━━━━━━━━━━━━━━━━━━━━━━━━━━━━━━━━━╇━━━━━━━━━━━━━━━━━━━━━━━━━━━━━┩
│ sky130_ef_sc_hd__decap                                                                                                         │ 5145                        │
│ sky130_fd_sc_hd__buf                                                                                                           │ 4                           │
│ sky130_fd_sc_hd__clkbuf                                                                                                        │ 3                           │
│ sky130_fd_sc_hd__conb                                                                                                          │ 78                          │
│ sky130_fd_sc_hd__decap                                                                                                         │ 1596                        │
│ sky130_fd_sc_hd__fill                                                                                                          │ 1248                        │
│ sky130_fd_sc_hd__tapvpwrvgnd                                                                                                   │ 1276                        │
└────────────────────────────────────────────────────────────────────────────────────────────────────────────────────────────────┴─────────────────────────────┘
