[WARNING ORD-0039] .openroad ignored with -python
                                Cells by Master                                 
┏━━━━━━━━━━━━━━━━━━━━━━━━━━━━━━━━━━━━━━━━━━━━━━━━━━━━━━━━━━━━━━━━┳━━━━━━━━━━━━━┓
┃ Cell                                                           ┃ Count       ┃
┡━━━━━━━━━━━━━━━━━━━━━━━━━━━━━━━━━━━━━━━━━━━━━━━━━━━━━━━━━━━━━━━━╇━━━━━━━━━━━━━┩
│ sky130_ef_sc_hd__decap_12                                      │ 5145        │
│ sky130_fd_sc_hd__buf_1                                         │ 2           │
│ sky130_fd_sc_hd__buf_2                                         │ 2           │
│ sky130_fd_sc_hd__clkbuf_16                                     │ 3           │
│ sky130_fd_sc_hd__conb_1                                        │ 78          │
│ sky130_fd_sc_hd__decap_3                                       │ 340         │
│ sky130_fd_sc_hd__decap_4                                       │ 70          │
│ sky130_fd_sc_hd__decap_6                                       │ 1121        │
│ sky130_fd_sc_hd__decap_8                                       │ 65          │
│ sky130_fd_sc_hd__fill_1                                        │ 1227        │
│ sky130_fd_sc_hd__fill_2                                        │ 21          │
│ sky130_fd_sc_hd__tapvpwrvgnd_1                                 │ 1276        │
└────────────────────────────────────────────────────────────────┴─────────────┘
                               Cells by Function                                
┏━━━━━━━━━━━━━━━━━━━━━━━━━━━━━━━━━━━━━━━━━━━━━━━━━━━━━━━━━━━━━━━┳━━━━━━━━━━━━━━┓
┃ Cell Function                                                 ┃ Count        ┃
┡━━━━━━━━━━━━━━━━━━━━━━━━━━━━━━━━━━━━━━━━━━━━━━━━━━━━━━━━━━━━━━━╇━━━━━━━━━━━━━━┩
│ sky130_ef_sc_hd__decap                                        │ 5145         │
│ sky130_fd_sc_hd__buf                                          │ 4            │
│ sky130_fd_sc_hd__clkbuf                                       │ 3            │
│ sky130_fd_sc_hd__conb                                         │ 78           │
│ sky130_fd_sc_hd__decap                                        │ 1596         │
│ sky130_fd_sc_hd__fill                                         │ 1248         │
│ sky130_fd_sc_hd__tapvpwrvgnd                                  │ 1276         │
└───────────────────────────────────────────────────────────────┴──────────────┘
                                  Cells by SCL                                  
┏━━━━━━━━━━━━━━━━━━━━━━━━━━━━━━━━━━━━━━━━━━━━━━━━━━━━━━━┳━━━━━━━━━━━━━━━━━━━━━━┓
┃ SCL                                                   ┃ Count                ┃
┡━━━━━━━━━━━━━━━━━━━━━━━━━━━━━━━━━━━━━━━━━━━━━━━━━━━━━━━╇━━━━━━━━━━━━━━━━━━━━━━┩
│ sky130_ef_sc_hd                                       │ 5145                 │
│ sky130_fd_sc_hd                                       │ 4205                 │
└───────────────────────────────────────────────────────┴──────────────────────┘
                             Buffers by Cell Master                             
┏━━━━━━━━━━━━━━━━━━━━━━━━━━━━━━━━━━━━━━━━━━━━━━━━━━━━━━━━━━━━━━┳━━━━━━━━━━━━━━━┓
┃ Buffer                                                       ┃ Count         ┃
┡━━━━━━━━━━━━━━━━━━━━━━━━━━━━━━━━━━━━━━━━━━━━━━━━━━━━━━━━━━━━━━╇━━━━━━━━━━━━━━━┩
│ sky130_fd_sc_hd__buf_1                                       │ 2             │
│ sky130_fd_sc_hd__buf_2                                       │ 2             │
│ sky130_fd_sc_hd__clkbuf_16                                   │ 3             │
└──────────────────────────────────────────────────────────────┴───────────────┘
