
===========================================================================
report_checks -path_delay min (Hold)
============================================================================
======================= nom_ff_n40C_1v95 Corner ===================================

Startpoint: clk (clock source 'clk')
Endpoint: i2c_scl (output port clocked by clk)
Path Group: clk
Path Type: min

Fanout         Cap        Slew       Delay        Time   Description
---------------------------------------------------------------------------------------------
                                  0.000000    0.000000   clock clk (rise edge)
                                  0.000000    0.000000   clock source latency
     1    0.014249    0.052641    0.035731    0.035731 ^ clk (in)
                                                         clk (net)
                      0.052660    0.000000    0.035731 ^ clkbuf_0_clk/A (sky130_fd_sc_hd__clkbuf_16)
     2    0.018131    0.029994    0.089430    0.125161 ^ clkbuf_0_clk/X (sky130_fd_sc_hd__clkbuf_16)
                                                         clknet_0_clk (net)
                      0.029995    0.000340    0.125501 ^ clkbuf_1_0__f_clk/A (sky130_fd_sc_hd__clkbuf_16)
     1    0.003734    0.020088    0.072360    0.197861 ^ clkbuf_1_0__f_clk/X (sky130_fd_sc_hd__clkbuf_16)
                                                         clknet_1_0__leaf_clk (net)
                      0.020088    0.000111    0.197972 ^ _78_/A (sky130_fd_sc_hd__buf_2)
     1    0.002787    0.019047    0.055047    0.253018 ^ _78_/X (sky130_fd_sc_hd__buf_2)
                                                         net1 (net)
                      0.019047    0.000079    0.253097 ^ output1/A (sky130_fd_sc_hd__buf_1)
     1    0.034804    0.304008    0.235881    0.488978 ^ output1/X (sky130_fd_sc_hd__buf_1)
                                                         i2c_scl (net)
                      0.304011    0.000809    0.489787 ^ i2c_scl (out)
                                              0.489787   data arrival time

                                  0.000000    0.000000   clock clk (rise edge)
                                  0.000000    0.000000   clock network delay (propagated)
                                  0.250000    0.250000   clock uncertainty
                                  0.000000    0.250000   clock reconvergence pessimism
                                 -2.000000   -1.750000   output external delay
                                             -1.750000   data required time
---------------------------------------------------------------------------------------------
                                             -1.750000   data required time
                                             -0.489787   data arrival time
---------------------------------------------------------------------------------------------
                                              2.239787   slack (MET)


Startpoint: clk (clock source 'clk')
Endpoint: spi_sclk (output port clocked by clk)
Path Group: clk
Path Type: min

Fanout         Cap        Slew       Delay        Time   Description
---------------------------------------------------------------------------------------------
                                  0.000000    0.000000   clock clk (rise edge)
                                  0.000000    0.000000   clock source latency
     1    0.014249    0.052641    0.035731    0.035731 ^ clk (in)
                                                         clk (net)
                      0.052660    0.000000    0.035731 ^ clkbuf_0_clk/A (sky130_fd_sc_hd__clkbuf_16)
     2    0.018131    0.029994    0.089430    0.125161 ^ clkbuf_0_clk/X (sky130_fd_sc_hd__clkbuf_16)
                                                         clknet_0_clk (net)
                      0.029995    0.000303    0.125464 ^ clkbuf_1_1__f_clk/A (sky130_fd_sc_hd__clkbuf_16)
     1    0.004020    0.020293    0.072601    0.198065 ^ clkbuf_1_1__f_clk/X (sky130_fd_sc_hd__clkbuf_16)
                                                         clknet_1_1__leaf_clk (net)
                      0.020293    0.000137    0.198203 ^ _79_/A (sky130_fd_sc_hd__buf_2)
     1    0.003163    0.020172    0.056214    0.254416 ^ _79_/X (sky130_fd_sc_hd__buf_2)
                                                         net2 (net)
                      0.020172    0.000070    0.254487 ^ output2/A (sky130_fd_sc_hd__buf_1)
     1    0.034800    0.303958    0.236109    0.490595 ^ output2/X (sky130_fd_sc_hd__buf_1)
                                                         spi_sclk (net)
                      0.303961    0.000911    0.491506 ^ spi_sclk (out)
                                              0.491506   data arrival time

                                  0.000000    0.000000   clock clk (rise edge)
                                  0.000000    0.000000   clock network delay (propagated)
                                  0.250000    0.250000   clock uncertainty
                                  0.000000    0.250000   clock reconvergence pessimism
                                 -2.000000   -1.750000   output external delay
                                             -1.750000   data required time
---------------------------------------------------------------------------------------------
                                             -1.750000   data required time
                                             -0.491506   data arrival time
---------------------------------------------------------------------------------------------
                                              2.241506   slack (MET)



