Reading OpenROAD database at '/work/openlane/soc_top/runs/drc_lvs_04/47-odb-reportdisconnectedpins/soc_top.odb'…
Reading library file at '/root/.volare/volare/volare/sky130/versions/0fe599b2afb6708d281543108caf8310912f54af/sky130A/libs.ref/sky130_fd_sc_hd/lib/sky130_fd_sc_hd__tt_025C_1v80.lib'…
Reading design constraints file at '/nix/store/ss2cw3sxbrwwx9jl0rrppbw4kgcmgi2n-python3-3.11.9-env/lib/python3.11/site-packages/openlane/scripts/base.sdc'…
[INFO] Using clock clk…
[INFO] Setting output delay to: 2.0
[INFO] Setting input delay to: 2.0
[INFO] Setting load to: 0.033442
[INFO] Setting clock uncertainty to: 0.25
[INFO] Setting clock transition to: 0.1499999999999999944488848768742172978818416595458984375
[INFO] Setting timing derate to: 5%
sky130_ef_sc_hd__decap_12 sky130_fd_sc_hd__decap_8 sky130_fd_sc_hd__decap_6 sky130_fd_sc_hd__decap_4 sky130_fd_sc_hd__decap_3 sky130_fd_sc_hd__fill*
[INFO DPL-0001] Placed 7771 filler instances.
Setting global connections for newly added cells…
[INFO] Setting global connections...
Updating metrics…
Cell type report:                       Count       Area
  Fill cell                              7989   89529.62
  Tap cell                               1276    1596.53
  Buffer                                    2      10.01
  Clock buffer                              5      82.58
  Multi-Input combinational cell           78     292.78
  Total                                  9350   91511.52
Writing OpenROAD database to '/work/openlane/soc_top/runs/drc_lvs_04/51-openroad-fillinsertion/soc_top.odb'…
Writing netlist to '/work/openlane/soc_top/runs/drc_lvs_04/51-openroad-fillinsertion/soc_top.nl.v'…
Writing powered netlist to '/work/openlane/soc_top/runs/drc_lvs_04/51-openroad-fillinsertion/soc_top.pnl.v'…
Writing layout to '/work/openlane/soc_top/runs/drc_lvs_04/51-openroad-fillinsertion/soc_top.def'…
Writing timing constraints to '/work/openlane/soc_top/runs/drc_lvs_04/51-openroad-fillinsertion/soc_top.sdc'…
