
44. Executing CHECK pass (checking for obvious problems).
Checking module soc_top...
Checking module if_stage...
Checking module id_stage...
Checking module hazard_detection...
Checking module forwarding_unit...
Checking module ex_stage...
Checking module branch_unit...
Checking module pipeline_regs...
Checking module mem_stage...
Checking module wb_stage...
Checking module pipelined_cpu...
Checking module bus_interconnect...
Checking module memory_interface...
Checking module uart...
Checking module spi...
Checking module i2c...
Checking module gpio...
Checking module timer...
Checking module mac_accelerator...
Checking module control_unit...
Checking module alu...
Checking module regfile...
Checking module immediate_generator...
Found and reported 0 problems.
